Component: ARM Compiler 5.06 update 5 (build 528) Tool: armlink [4d35e2]

==============================================================================

Section Cross References

    startup_stm32f10x_hd.o(RESET) refers to startup_stm32f10x_hd.o(STACK) for __initial_sp
    startup_stm32f10x_hd.o(RESET) refers to startup_stm32f10x_hd.o(.text) for Reset_Handler
    startup_stm32f10x_hd.o(RESET) refers to stm32f10x_it.o(i.NMI_Handler) for NMI_Handler
    startup_stm32f10x_hd.o(RESET) refers to stm32f10x_it.o(i.HardFault_Handler) for HardFault_Handler
    startup_stm32f10x_hd.o(RESET) refers to stm32f10x_it.o(i.MemManage_Handler) for MemManage_Handler
    startup_stm32f10x_hd.o(RESET) refers to stm32f10x_it.o(i.BusFault_Handler) for BusFault_Handler
    startup_stm32f10x_hd.o(RESET) refers to stm32f10x_it.o(i.UsageFault_Handler) for UsageFault_Handler
    startup_stm32f10x_hd.o(RESET) refers to stm32f10x_it.o(i.SVC_Handler) for SVC_Handler
    startup_stm32f10x_hd.o(RESET) refers to stm32f10x_it.o(i.DebugMon_Handler) for DebugMon_Handler
    startup_stm32f10x_hd.o(RESET) refers to stm32f10x_it.o(i.PendSV_Handler) for PendSV_Handler
    startup_stm32f10x_hd.o(RESET) refers to stm32f10x_it.o(i.SysTick_Handler) for SysTick_Handler
    startup_stm32f10x_hd.o(.text) refers to system_stm32f10x.o(i.SystemInit) for SystemInit
    startup_stm32f10x_hd.o(.text) refers to entry.o(.ARM.Collect$$$$00000000) for __main
    system_stm32f10x.o(i.SetSysClock) refers to system_stm32f10x.o(i.SetSysClockTo72) for SetSysClockTo72
    system_stm32f10x.o(i.SystemCoreClockUpdate) refers to system_stm32f10x.o(.data) for SystemCoreClock
    system_stm32f10x.o(i.SystemInit) refers to system_stm32f10x.o(i.SetSysClock) for SetSysClock
    stm32f10x_adc.o(i.ADC_DeInit) refers to stm32f10x_rcc.o(i.RCC_APB2PeriphResetCmd) for RCC_APB2PeriphResetCmd
    stm32f10x_bkp.o(i.BKP_DeInit) refers to stm32f10x_rcc.o(i.RCC_BackupResetCmd) for RCC_BackupResetCmd
    stm32f10x_can.o(i.CAN_DeInit) refers to stm32f10x_rcc.o(i.RCC_APB1PeriphResetCmd) for RCC_APB1PeriphResetCmd
    stm32f10x_can.o(i.CAN_GetITStatus) refers to stm32f10x_can.o(i.CheckITStatus) for CheckITStatus
    stm32f10x_cec.o(i.CEC_DeInit) refers to stm32f10x_rcc.o(i.RCC_APB1PeriphResetCmd) for RCC_APB1PeriphResetCmd
    stm32f10x_dac.o(i.DAC_DeInit) refers to stm32f10x_rcc.o(i.RCC_APB1PeriphResetCmd) for RCC_APB1PeriphResetCmd
    stm32f10x_flash.o(i.FLASH_EnableWriteProtection) refers to stm32f10x_flash.o(i.FLASH_WaitForLastOperation) for FLASH_WaitForLastOperation
    stm32f10x_flash.o(i.FLASH_EraseAllBank1Pages) refers to stm32f10x_flash.o(i.FLASH_WaitForLastBank1Operation) for FLASH_WaitForLastBank1Operation
    stm32f10x_flash.o(i.FLASH_EraseAllPages) refers to stm32f10x_flash.o(i.FLASH_WaitForLastOperation) for FLASH_WaitForLastOperation
    stm32f10x_flash.o(i.FLASH_EraseOptionBytes) refers to stm32f10x_flash.o(i.FLASH_GetReadOutProtectionStatus) for FLASH_GetReadOutProtectionStatus
    stm32f10x_flash.o(i.FLASH_EraseOptionBytes) refers to stm32f10x_flash.o(i.FLASH_WaitForLastOperation) for FLASH_WaitForLastOperation
    stm32f10x_flash.o(i.FLASH_ErasePage) refers to stm32f10x_flash.o(i.FLASH_WaitForLastOperation) for FLASH_WaitForLastOperation
    stm32f10x_flash.o(i.FLASH_ProgramHalfWord) refers to stm32f10x_flash.o(i.FLASH_WaitForLastOperation) for FLASH_WaitForLastOperation
    stm32f10x_flash.o(i.FLASH_ProgramOptionByteData) refers to stm32f10x_flash.o(i.FLASH_WaitForLastOperation) for FLASH_WaitForLastOperation
    stm32f10x_flash.o(i.FLASH_ProgramWord) refers to stm32f10x_flash.o(i.FLASH_WaitForLastOperation) for FLASH_WaitForLastOperation
    stm32f10x_flash.o(i.FLASH_ReadOutProtection) refers to stm32f10x_flash.o(i.FLASH_WaitForLastOperation) for FLASH_WaitForLastOperation
    stm32f10x_flash.o(i.FLASH_UserOptionByteConfig) refers to stm32f10x_flash.o(i.FLASH_WaitForLastOperation) for FLASH_WaitForLastOperation
    stm32f10x_flash.o(i.FLASH_WaitForLastBank1Operation) refers to stm32f10x_flash.o(i.FLASH_GetBank1Status) for FLASH_GetBank1Status
    stm32f10x_flash.o(i.FLASH_WaitForLastOperation) refers to stm32f10x_flash.o(i.FLASH_GetBank1Status) for FLASH_GetBank1Status
    stm32f10x_gpio.o(i.GPIO_AFIODeInit) refers to stm32f10x_rcc.o(i.RCC_APB2PeriphResetCmd) for RCC_APB2PeriphResetCmd
    stm32f10x_gpio.o(i.GPIO_DeInit) refers to stm32f10x_rcc.o(i.RCC_APB2PeriphResetCmd) for RCC_APB2PeriphResetCmd
    stm32f10x_i2c.o(i.I2C_DeInit) refers to stm32f10x_rcc.o(i.RCC_APB1PeriphResetCmd) for RCC_APB1PeriphResetCmd
    stm32f10x_i2c.o(i.I2C_Init) refers to stm32f10x_rcc.o(i.RCC_GetClocksFreq) for RCC_GetClocksFreq
    stm32f10x_pwr.o(i.PWR_DeInit) refers to stm32f10x_rcc.o(i.RCC_APB1PeriphResetCmd) for RCC_APB1PeriphResetCmd
    stm32f10x_rcc.o(i.RCC_GetClocksFreq) refers to stm32f10x_rcc.o(.data) for APBAHBPrescTable
    stm32f10x_rcc.o(i.RCC_WaitForHSEStartUp) refers to stm32f10x_rcc.o(i.RCC_GetFlagStatus) for RCC_GetFlagStatus
[...]
    Removing stm32f10x_sdio.o(i.SDIO_CEATAITCmd), (16 bytes).
    Removing stm32f10x_sdio.o(i.SDIO_ClearFlag), (12 bytes).
    Removing stm32f10x_sdio.o(i.SDIO_ClearITPendingBit), (12 bytes).
    Removing stm32f10x_sdio.o(i.SDIO_ClockCmd), (12 bytes).
    Removing stm32f10x_sdio.o(i.SDIO_CmdStructInit), (14 bytes).
    Removing stm32f10x_sdio.o(i.SDIO_CommandCompletionCmd), (12 bytes).
    Removing stm32f10x_sdio.o(i.SDIO_DMACmd), (12 bytes).
    Removing stm32f10x_sdio.o(i.SDIO_DataConfig), (48 bytes).
    Removing stm32f10x_sdio.o(i.SDIO_DataStructInit), (20 bytes).
    Removing stm32f10x_sdio.o(i.SDIO_DeInit), (36 bytes).
    Removing stm32f10x_sdio.o(i.SDIO_GetCommandResponse), (12 bytes).
    Removing stm32f10x_sdio.o(i.SDIO_GetDataCounter), (12 bytes).
    Removing stm32f10x_sdio.o(i.SDIO_GetFIFOCount), (12 bytes).
    Removing stm32f10x_sdio.o(i.SDIO_GetFlagStatus), (24 bytes).
    Removing stm32f10x_sdio.o(i.SDIO_GetITStatus), (24 bytes).
    Removing stm32f10x_sdio.o(i.SDIO_GetPowerState), (16 bytes).
    Removing stm32f10x_sdio.o(i.SDIO_GetResponse), (24 bytes).
    Removing stm32f10x_sdio.o(i.SDIO_ITConfig), (32 bytes).
    Removing stm32f10x_sdio.o(i.SDIO_Init), (48 bytes).
    Removing stm32f10x_sdio.o(i.SDIO_ReadData), (12 bytes).
    Removing stm32f10x_sdio.o(i.SDIO_SendCEATACmd), (12 bytes).
    Removing stm32f10x_sdio.o(i.SDIO_SendCommand), (44 bytes).
    Removing stm32f10x_sdio.o(i.SDIO_SendSDIOSuspendCmd), (12 bytes).
    Removing stm32f10x_sdio.o(i.SDIO_SetPowerState), (28 bytes).
    Removing stm32f10x_sdio.o(i.SDIO_SetSDIOOperation), (12 bytes).
    Removing stm32f10x_sdio.o(i.SDIO_SetSDIOReadWaitMode), (12 bytes).
    Removing stm32f10x_sdio.o(i.SDIO_StartSDIOReadWait), (12 bytes).
    Removing stm32f10x_sdio.o(i.SDIO_StopSDIOReadWait), (12 bytes).
    Removing stm32f10x_sdio.o(i.SDIO_StructInit), (16 bytes).
    Removing stm32f10x_sdio.o(i.SDIO_WriteData), (12 bytes).
    Removing stm32f10x_spi.o(i.I2S_Cmd), (24 bytes).
    Removing stm32f10x_spi.o(i.I2S_Init), (232 bytes).
    Removing stm32f10x_spi.o(i.I2S_StructInit), (20 bytes).
    Removing stm32f10x_spi.o(i.SPI_BiDirectionalLineConfig), (28 bytes).
    Removing stm32f10x_spi.o(i.SPI_CalculateCRC), (24 bytes).
    Removing stm32f10x_spi.o(i.SPI_Cmd), (24 bytes).
    Removing stm32f10x_spi.o(i.SPI_DataSizeConfig), (18 bytes).
    Removing stm32f10x_spi.o(i.SPI_GetCRC), (16 bytes).
    Removing stm32f10x_spi.o(i.SPI_GetCRCPolynomial), (6 bytes).
    Removing stm32f10x_spi.o(i.SPI_I2S_ClearFlag), (6 bytes).
    Removing stm32f10x_spi.o(i.SPI_I2S_ClearITPendingBit), (20 bytes).
    Removing stm32f10x_spi.o(i.SPI_I2S_DMACmd), (18 bytes).
    Removing stm32f10x_spi.o(i.SPI_I2S_DeInit), (88 bytes).
    Removing stm32f10x_spi.o(i.SPI_I2S_GetFlagStatus), (18 bytes).
    Removing stm32f10x_spi.o(i.SPI_I2S_GetITStatus), (52 bytes).
    Removing stm32f10x_spi.o(i.SPI_I2S_ITConfig), (32 bytes).
    Removing stm32f10x_spi.o(i.SPI_I2S_ReceiveData), (6 bytes).
    Removing stm32f10x_spi.o(i.SPI_I2S_SendData), (4 bytes).
    Removing stm32f10x_spi.o(i.SPI_Init), (60 bytes).
    Removing stm32f10x_spi.o(i.SPI_NSSInternalSoftwareConfig), (30 bytes).
    Removing stm32f10x_spi.o(i.SPI_SSOutputCmd), (24 bytes).
    Removing stm32f10x_spi.o(i.SPI_StructInit), (24 bytes).
    Removing stm32f10x_spi.o(i.SPI_TransmitCRC), (10 bytes).
    Removing stm32f10x_tim.o(i.TI1_Config), (128 bytes).
    Removing stm32f10x_tim.o(i.TI2_Config), (152 bytes).
    Removing stm32f10x_tim.o(i.TI3_Config), (144 bytes).
    Removing stm32f10x_tim.o(i.TI4_Config), (152 bytes).
    Removing stm32f10x_tim.o(i.TIM_ARRPreloadConfig), (24 bytes).
    Removing stm32f10x_tim.o(i.TIM_BDTRConfig), (32 bytes).
    Removing stm32f10x_tim.o(i.TIM_BDTRStructInit), (18 bytes).
    Removing stm32f10x_tim.o(i.TIM_CCPreloadControl), (24 bytes).
    Removing stm32f10x_tim.o(i.TIM_CCxCmd), (30 bytes).
    Removing stm32f10x_tim.o(i.TIM_CCxNCmd), (30 bytes).
    Removing stm32f10x_tim.o(i.TIM_ClearFlag), (6 bytes).
    Removing stm32f10x_tim.o(i.TIM_ClearITPendingBit), (6 bytes).
    Removing stm32f10x_tim.o(i.TIM_ClearOC1Ref), (18 bytes).
    Removing stm32f10x_tim.o(i.TIM_ClearOC2Ref), (24 bytes).
    Removing stm32f10x_tim.o(i.TIM_ClearOC3Ref), (18 bytes).
    Removing stm32f10x_tim.o(i.TIM_ClearOC4Ref), (24 bytes).
    Removing stm32f10x_tim.o(i.TIM_Cmd), (24 bytes).
    Removing stm32f10x_tim.o(i.TIM_CounterModeConfig), (18 bytes).
    Removing stm32f10x_tim.o(i.TIM_CtrlPWMOutputs), (30 bytes).
    Removing stm32f10x_tim.o(i.TIM_DMACmd), (18 bytes).
    Removing stm32f10x_tim.o(i.TIM_DMAConfig), (10 bytes).
    Removing stm32f10x_tim.o(i.TIM_DeInit), (488 bytes).
    Removing stm32f10x_tim.o(i.TIM_ETRClockMode1Config), (54 bytes).
    Removing stm32f10x_tim.o(i.TIM_ETRClockMode2Config), (32 bytes).
    Removing stm32f10x_tim.o(i.TIM_ETRConfig), (28 bytes).
    Removing stm32f10x_tim.o(i.TIM_EncoderInterfaceConfig), (66 bytes).
    Removing stm32f10x_tim.o(i.TIM_ForcedOC1Config), (18 bytes).
    Removing stm32f10x_tim.o(i.TIM_ForcedOC2Config), (26 bytes).
    Removing stm32f10x_tim.o(i.TIM_ForcedOC3Config), (18 bytes).
    Removing stm32f10x_tim.o(i.TIM_ForcedOC4Config), (26 bytes).
    Removing stm32f10x_tim.o(i.TIM_GenerateEvent), (4 bytes).
    Removing stm32f10x_tim.o(i.TIM_GetCapture1), (6 bytes).
    Removing stm32f10x_tim.o(i.TIM_GetCapture2), (6 bytes).
    Removing stm32f10x_tim.o(i.TIM_GetCapture3), (6 bytes).
    Removing stm32f10x_tim.o(i.TIM_GetCapture4), (8 bytes).
    Removing stm32f10x_tim.o(i.TIM_GetCounter), (6 bytes).
    Removing stm32f10x_tim.o(i.TIM_GetFlagStatus), (18 bytes).
    Removing stm32f10x_tim.o(i.TIM_GetITStatus), (34 bytes).
    Removing stm32f10x_tim.o(i.TIM_GetPrescaler), (6 bytes).
    Removing stm32f10x_tim.o(i.TIM_ICInit), (172 bytes).
    Removing stm32f10x_tim.o(i.TIM_ICStructInit), (18 bytes).
    Removing stm32f10x_tim.o(i.TIM_ITConfig), (18 bytes).
    Removing stm32f10x_tim.o(i.TIM_ITRxExternalClockConfig), (24 bytes).
    Removing stm32f10x_tim.o(i.TIM_InternalClockConfig), (12 bytes).
    Removing stm32f10x_tim.o(i.TIM_OC1FastConfig), (18 bytes).
    Removing stm32f10x_tim.o(i.TIM_OC1Init), (152 bytes).
    Removing stm32f10x_tim.o(i.TIM_OC1NPolarityConfig), (18 bytes).
    Removing stm32f10x_tim.o(i.TIM_OC1PolarityConfig), (18 bytes).
    Removing stm32f10x_tim.o(i.TIM_OC1PreloadConfig), (18 bytes).
    Removing stm32f10x_tim.o(i.TIM_OC2FastConfig), (26 bytes).
    Removing stm32f10x_tim.o(i.TIM_OC2Init), (164 bytes).
    Removing stm32f10x_tim.o(i.TIM_OC2NPolarityConfig), (26 bytes).
    Removing stm32f10x_tim.o(i.TIM_OC2PolarityConfig), (26 bytes).
    Removing stm32f10x_tim.o(i.TIM_OC2PreloadConfig), (26 bytes).
    Removing stm32f10x_tim.o(i.TIM_OC3FastConfig), (18 bytes).
    Removing stm32f10x_tim.o(i.TIM_OC3Init), (160 bytes).
    Removing stm32f10x_tim.o(i.TIM_OC3NPolarityConfig), (26 bytes).
    Removing stm32f10x_tim.o(i.TIM_OC3PolarityConfig), (26 bytes).
    Removing stm32f10x_tim.o(i.TIM_OC3PreloadConfig), (18 bytes).
    Removing stm32f10x_tim.o(i.TIM_OC4FastConfig), (26 bytes).
    Removing stm32f10x_tim.o(i.TIM_OC4Init), (124 bytes).
    Removing stm32f10x_tim.o(i.TIM_OC4PolarityConfig), (26 bytes).
    Removing stm32f10x_tim.o(i.TIM_OC4PreloadConfig), (26 bytes).
    Removing stm32f10x_tim.o(i.TIM_OCStructInit), (20 bytes).
    Removing stm32f10x_tim.o(i.TIM_PWMIConfig), (124 bytes).
    Removing stm32f10x_tim.o(i.TIM_PrescalerConfig), (6 bytes).
    Removing stm32f10x_tim.o(i.TIM_SelectCCDMA), (24 bytes).
    Removing stm32f10x_tim.o(i.TIM_SelectCOM), (24 bytes).
    Removing stm32f10x_tim.o(i.TIM_SelectHallSensor), (24 bytes).
    Removing stm32f10x_tim.o(i.TIM_SelectInputTrigger), (18 bytes).
    Removing stm32f10x_tim.o(i.TIM_SelectMasterSlaveMode), (18 bytes).
    Removing stm32f10x_tim.o(i.TIM_SelectOCxM), (82 bytes).
    Removing stm32f10x_tim.o(i.TIM_SelectOnePulseMode), (18 bytes).
    Removing stm32f10x_tim.o(i.TIM_SelectOutputTrigger), (18 bytes).
    Removing stm32f10x_tim.o(i.TIM_SelectSlaveMode), (18 bytes).
    Removing stm32f10x_tim.o(i.TIM_SetAutoreload), (4 bytes).
    Removing stm32f10x_tim.o(i.TIM_SetClockDivision), (18 bytes).
    Removing stm32f10x_tim.o(i.TIM_SetCompare1), (4 bytes).
    Removing stm32f10x_tim.o(i.TIM_SetCompare2), (4 bytes).
    Removing stm32f10x_tim.o(i.TIM_SetCompare3), (4 bytes).
    Removing stm32f10x_tim.o(i.TIM_SetCompare4), (6 bytes).
    Removing stm32f10x_tim.o(i.TIM_SetCounter), (4 bytes).
    Removing stm32f10x_tim.o(i.TIM_SetIC1Prescaler), (18 bytes).
    Removing stm32f10x_tim.o(i.TIM_SetIC2Prescaler), (26 bytes).
    Removing stm32f10x_tim.o(i.TIM_SetIC3Prescaler), (18 bytes).
    Removing stm32f10x_tim.o(i.TIM_SetIC4Prescaler), (26 bytes).
    Removing stm32f10x_tim.o(i.TIM_TIxExternalClockConfig), (62 bytes).
    Removing stm32f10x_tim.o(i.TIM_TimeBaseInit), (164 bytes).
    Removing stm32f10x_tim.o(i.TIM_TimeBaseStructInit), (18 bytes).
    Removing stm32f10x_tim.o(i.TIM_UpdateDisableConfig), (24 bytes).
    Removing stm32f10x_tim.o(i.TIM_UpdateRequestConfig), (24 bytes).
    Removing stm32f10x_usart.o(i.USART_ClearFlag), (18 bytes).
    Removing stm32f10x_usart.o(i.USART_ClearITPendingBit), (30 bytes).
    Removing stm32f10x_usart.o(i.USART_ClockInit), (34 bytes).
    Removing stm32f10x_usart.o(i.USART_ClockStructInit), (12 bytes).
    Removing stm32f10x_usart.o(i.USART_Cmd), (24 bytes).
    Removing stm32f10x_usart.o(i.USART_DMACmd), (18 bytes).
    Removing stm32f10x_usart.o(i.USART_DeInit), (156 bytes).
    Removing stm32f10x_usart.o(i.USART_GetFlagStatus), (26 bytes).
    Removing stm32f10x_usart.o(i.USART_GetITStatus), (84 bytes).
    Removing stm32f10x_usart.o(i.USART_HalfDuplexCmd), (24 bytes).
    Removing stm32f10x_usart.o(i.USART_ITConfig), (74 bytes).
    Removing stm32f10x_usart.o(i.USART_Init), (216 bytes).
    Removing stm32f10x_usart.o(i.USART_IrDACmd), (24 bytes).
    Removing stm32f10x_usart.o(i.USART_IrDAConfig), (18 bytes).
    Removing stm32f10x_usart.o(i.USART_LINBreakDetectLengthConfig), (18 bytes).
    Removing stm32f10x_usart.o(i.USART_LINCmd), (24 bytes).
    Removing stm32f10x_usart.o(i.USART_OneBitMethodCmd), (24 bytes).
    Removing stm32f10x_usart.o(i.USART_OverSampling8Cmd), (22 bytes).
    Removing stm32f10x_usart.o(i.USART_ReceiveData), (10 bytes).
    Removing stm32f10x_usart.o(i.USART_ReceiverWakeUpCmd), (24 bytes).
    Removing stm32f10x_usart.o(i.USART_SendBreak), (10 bytes).
    Removing stm32f10x_usart.o(i.USART_SendData), (8 bytes).
    Removing stm32f10x_usart.o(i.USART_SetAddress), (18 bytes).
    Removing stm32f10x_usart.o(i.USART_SetGuardTime), (16 bytes).
    Removing stm32f10x_usart.o(i.USART_SetPrescaler), (16 bytes).
    Removing stm32f10x_usart.o(i.USART_SmartCardCmd), (24 bytes).
    Removing stm32f10x_usart.o(i.USART_SmartCardNACKCmd), (24 bytes).
    Removing stm32f10x_usart.o(i.USART_StructInit), (24 bytes).
    Removing stm32f10x_usart.o(i.USART_WakeUpConfig), (18 bytes).
    Removing stm32f10x_wwdg.o(i.WWDG_ClearFlag), (12 bytes).
    Removing stm32f10x_wwdg.o(i.WWDG_DeInit), (22 bytes).
    Removing stm32f10x_wwdg.o(i.WWDG_Enable), (16 bytes).
    Removing stm32f10x_wwdg.o(i.WWDG_EnableIT), (12 bytes).
    Removing stm32f10x_wwdg.o(i.WWDG_GetFlagStatus), (12 bytes).
    Removing stm32f10x_wwdg.o(i.WWDG_SetCounter), (16 bytes).
    Removing stm32f10x_wwdg.o(i.WWDG_SetPrescaler), (24 bytes).
    Removing stm32f10x_wwdg.o(i.WWDG_SetWindowValue), (40 bytes).
    Removing stm32f10x_it.o(.data), (2 bytes).
    Removing nvic.o(i.NVIC_Conf), (144 bytes).
    Removing gpio.o(i.GPIO_Conf), (44 bytes).
    Removing systick.o(i.Delay), (40 bytes).
    Removing systick.o(i.Delay_Ms), (56 bytes).
    Removing systick.o(i.SysTick_Conf), (56 bytes).
    Removing systick.o(i.SysTick_Config), (84 bytes).
    Removing systick.o(i.SysTick_Delay_Ms), (72 bytes).
    Removing systick.o(i.SysTick_Delay_Us), (72 bytes).
    Removing systick.o(i.delay), (12 bytes).
    Removing led.o(i.LED_ALL_SET), (28 bytes).
    Removing led.o(i.LED_Conf), (204 bytes).
    Removing led.o(i.LEDx_Conf), (380 bytes).
    Removing led.o(i.assert_failed), (12 bytes).
    Removing key.o(i.KEYUP_Conf), (36 bytes).
    Removing key.o(i.KEYUP_Scan), (40 bytes).
    Removing key.o(i.KEY_Conf), (88 bytes).
    Removing key.o(i.KEY_Scan), (180 bytes).
    Removing key.o(i.KEYx_Conf), (116 bytes).
    Removing key.o(i.KEYx_Scan), (120 bytes).
    Removing key_exti.o(i.KEY0_EXTI_Conf), (80 bytes).
    Removing key_exti.o(i.KEY1_EXTI_Conf), (80 bytes).
    Removing key_exti.o(i.KEY2_EXTI_Conf), (80 bytes).
    Removing key_exti.o(i.KEYUP_EXTI_Conf), (80 bytes).
    Removing key_exti.o(i.NVIC_EnableIRQ), (22 bytes).
    Removing beep.o(i.BEEP_Conf), (44 bytes).
    Removing beep.o(i.BEEP_ON), (52 bytes).
    Removing smg.o(i.SMG_Conf), (44 bytes).
    Removing smg.o(i.SMG_SHOW), (20 bytes).
    Removing smg.o(.data), (16 bytes).
    Removing bsp_mcooutput.o(i.MCO_GPIO_Config), (44 bytes).
    Removing bsp_clkconfig.o(i.HSE_SetSysClock), (118 bytes).
    Removing bsp_clkconfig.o(i.HSI_SetSysClock), (120 bytes).
    Removing i2c_hard.o(i.I2C_ByteWrite_ToRegister), (280 bytes).
    Removing i2c_hard.o(i.I2C_GPIO_Conf), (76 bytes).
    Removing i2c_hard.o(i.I2C_Hard_Conf), (12 bytes).
    Removing i2c_hard.o(i.I2C_Mode_Conf), (68 bytes).
    Removing i2c_hard.o(i.I2C_Read_FromRegister), (436 bytes).
    Removing i2c_hard.o(i.I2C_TIMEOUT_UserCallback), (64 bytes).
    Removing i2c_hard.o(.data), (4 bytes).
    Removing i2c_moni.o(i.I2C_GetAck), (68 bytes).
    Removing i2c_moni.o(i.I2C_Moni_Conf), (88 bytes).
    Removing i2c_moni.o(i.I2C_SetAck), (136 bytes).
    Removing i2c_moni.o(i.I2C_Start), (112 bytes).
    Removing i2c_moni.o(i.I2C_Stop), (88 bytes).
    Removing i2c_moni.o(i.MoniI2C_ReadByte), (92 bytes).
    Removing i2c_moni.o(i.MoniI2C_WriteByte), (152 bytes).
    Removing i2c_moni.o(i.MoniI2c_ReadFromSlave), (92 bytes).
    Removing i2c_moni.o(i.MoniI2c_ReadSomeDataFromSlave), (120 bytes).
    Removing i2c_moni.o(i.MoniI2c_WriteByteToSlave), (68 bytes).
    Removing i2c_moni.o(i.MoniI2c_WriteSomeDataToSlave), (96 bytes).
    Removing i2c_moni.o(i._I2C_IsBusy), (64 bytes).
    Removing eeprom_i2cmoni.o(i.EEPROM_Conf), (12 bytes).
    Removing eeprom_i2cmoni.o(i.EEPROM_I2CMoni_BufferWrite), (298 bytes).
    Removing eeprom_i2cmoni.o(i.EEPROM_I2CMoni_ByteWrite), (28 bytes).
    Removing eeprom_i2cmoni.o(i.EEPROM_I2CMoni_BytesWrite), (52 bytes).
    Removing eeprom_i2cmoni.o(i.EEPROM_I2CMoni_PageWrite), (32 bytes).
    Removing eeprom_i2cmoni.o(i.EEPROM_I2CMoni_WaitEepromStandbyState), (40 bytes).
    Removing eeprom_i2cmoni.o(i.I2C_EE_BufferRead), (32 bytes).
    Removing eeprom_i2cmoni.o(.data), (2 bytes).
    Removing dma_m2m.o(i.Buffercmp), (36 bytes).
    Removing dma_m2m.o(i.DMA_M2M_Conf), (132 bytes).
    Removing dma_m2m.o(.data), (8 bytes).
    Removing dma_dst_uart.o(i.USARTx_DMA_DST_Conf), (88 bytes).
    Removing dma_dst_uart.o(.bss), (5000 bytes).
    Removing dma_src_uart.o(i.USARTx_DMA_SRC_Conf), (88 bytes).
    Removing dma_src_uart.o(.bss), (5000 bytes).
    Removing usart.o(i.USART_Conf), (172 bytes).
    Removing usart.o(i.Usart_SendByte), (30 bytes).
    Removing usart.o(i.Usart_SendHalfWord), (60 bytes).
    Removing usart.o(i.Usart_SendString), (42 bytes).
    Removing usart.o(i.fgetc), (32 bytes).
    Removing usart.o(i.fputc), (36 bytes).
    Removing uartmoni.o(i.RxdArray), (40 bytes).
    Removing uartmoni.o(i.RxdData), (32 bytes).
    Removing uartmoni.o(i.RxdHalfWord), (24 bytes).
    Removing uartmoni.o(i.RxdString), (40 bytes).
    Removing uartmoni.o(i.StartRxd), (76 bytes).
    Removing uartmoni.o(i.StartTxd), (64 bytes).
    Removing uartmoni.o(i.TxdArray), (40 bytes).
    Removing uartmoni.o(i.TxdData), (28 bytes).
    Removing uartmoni.o(i.TxdHalfWord), (22 bytes).
    Removing uartmoni.o(i.TxdString), (40 bytes).
    Removing uartmoni.o(i.UartMoni_Conf), (80 bytes).
    Removing uartmoni.o(i.UartMoni_Handler), (340 bytes).
    Removing uartmoni.o(.data), (10 bytes).
    Removing spi.o(i.SPI1_Conf), (140 bytes).
    Removing spi.o(i.SPI1_SetSpeed), (40 bytes).
    Removing spi.o(i.SPI1_WriteReadData), (72 bytes).
    Removing spi.o(i.SPI2_Conf), (132 bytes).
    Removing spi.o(i.SPI2_SetSpeed), (40 bytes).
    Removing spi.o(i.SPI2_WriteReadData), (72 bytes).
    Removing spi.o(i.SPI_Read_Buf), (80 bytes).
    Removing spi.o(i.SPI_Read_Byte), (56 bytes).
    Removing spi.o(i.SPI_Write_Buf), (80 bytes).
    Removing spi.o(i.SPI_Write_Byte), (64 bytes).
    Removing spi.o(.data), (1 bytes).
    Removing flash_spi.o(i.FLASH_CheckBusy), (92 bytes).
    Removing flash_spi.o(i.FLASH_ChipErase), (68 bytes).
    Removing flash_spi.o(i.FLASH_Conf), (100 bytes).
    Removing flash_spi.o(i.FLASH_ReadData), (120 bytes).
    Removing flash_spi.o(i.FLASH_ReadID), (100 bytes).
    Removing flash_spi.o(i.FLASH_SectorErase), (92 bytes).
    Removing flash_spi.o(i.FLASH_WriteData), (192 bytes).
    Removing flash_spi.o(i.FLASH_WriteEnable), (60 bytes).
    Removing flash_spi.o(i.FLASH_WritePage), (168 bytes).
    Removing flash_spi.o(.bss), (4096 bytes).
    Removing tim_base.o(i.BASIC_TIM_Conf), (32 bytes).
    Removing tim_base.o(i.BASIC_TIM_Mode_Conf), (64 bytes).
    Removing general_tim.o(i.GENERAL_TIM_Conf), (12 bytes).
    Removing general_tim.o(i.GENERAL_TIM_GPIO_Conf), (148 bytes).
    Removing general_tim.o(i.GENERAL_TIM_Mode_Conf), (172 bytes).
    Removing advance_tim.o(i.ADVANCE_TIM_Conf), (32 bytes).
    Removing advance_tim.o(i.ADVANCE_TIM_GPIO_Conf), (40 bytes).
    Removing advance_tim.o(i.ADVANCE_TIM_Mode_Conf), (140 bytes).
    Removing dht11.o(i.DHT_IPU_Conf), (28 bytes).
    Removing dht11.o(i.DHT_PP_Conf), (44 bytes).
    Removing dht11.o(i.DHT_Start), (316 bytes).
    Removing dht11.o(i.ReadByte), (148 bytes).
    Removing dht11.o(.data), (6 bytes).
    Removing nrf24l01.o(i.NRF24L01_Check), (92 bytes).
    Removing nrf24l01.o(i.NRF24L01_EXTI_Conf), (60 bytes).
    Removing nrf24l01.o(i.NRF24L01_GPIO_Conf), (176 bytes).
    Removing nrf24l01.o(i.NRF24L01_RX_Mode), (88 bytes).
    Removing nrf24l01.o(i.NRF24L01_Read_Buf), (60 bytes).
    Removing nrf24l01.o(i.NRF24L01_Read_Reg), (44 bytes).
    Removing nrf24l01.o(i.NRF24L01_RxPacket), (58 bytes).
    Removing nrf24l01.o(i.NRF24L01_TX_Mode), (104 bytes).
    Removing nrf24l01.o(i.NRF24L01_TxPacket), (104 bytes).
    Removing nrf24l01.o(i.NRF24L01_Write_Buf), (60 bytes).
    Removing nrf24l01.o(i.NRF24L01_Write_Reg), (48 bytes).
    Removing nrf24l01.o(i.NRF_Conf), (120 bytes).
    Removing nrf24l01.o(.data), (10 bytes).
    Removing unpack.o(i.UnpackData), (144 bytes).
    Removing unpack.o(.bss), (12 bytes).
    Removing unpack.o(.data), (10 bytes).
    Removing sd.o(i.SD_GPIO_Config), (108 bytes).
    Removing sd.o(i.SD_Init), (408 bytes).
    Removing sd.o(i.SD_ReadCapacity), (232 bytes).
    Removing sd.o(i.SD_ReadData), (74 bytes).
    Removing sd.o(i.SD_ReadDisk), (172 bytes).
    Removing sd.o(i.SD_WriteCmd), (184 bytes).
    Removing sd.o(i.SD_WriteData), (120 bytes).
    Removing sd.o(i.SD_WriteDisk), (228 bytes).
    Removing sd.o(.data), (1 bytes).
    Removing adc.o(i.ADC_Double_Conf), (12 bytes).
    Removing adc.o(i.ADC_Double_GPIO_Config), (64 bytes).
    Removing adc.o(i.ADC_Double_Mode_Config), (368 bytes).
    Removing adc.o(i.ADC_MoreDMA_Conf), (12 bytes).
    Removing adc.o(i.ADC_MoreDMA_Mode_Config), (312 bytes).
    Removing adc.o(i.ADC_More_GPIO_Config), (36 bytes).
    Removing adc.o(i.ADC_SingleDMA_Conf), (12 bytes).
    Removing adc.o(i.ADC_SingleDMA_Mode_Conf), (240 bytes).
    Removing adc.o(i.ADC_SingleIRQ_Conf), (32 bytes).
    Removing adc.o(i.ADC_SingleIRQ_Mode_Conf), (144 bytes).
    Removing adc.o(i.ADC_Single_GPIO_Conf), (36 bytes).
    Removing adc.o(.data), (2 bytes).
    Removing dac.o(i.DAC_Config), (100 bytes).
    Removing dac.o(i.DAC_DMA_Config), (88 bytes).
    Removing dac.o(i.DAC_Mode_Conf), (52 bytes).
    Removing dac.o(i.DAC_TIM_Config), (58 bytes).
    Removing dac.o(.bss), (128 bytes).
    Removing dac.o(.constdata), (64 bytes).
    Removing tempad.o(i.ADC1_GPIO_Config), (20 bytes).
    Removing tempad.o(i.ADC1_Mode_Config), (224 bytes).
    Removing tempad.o(i.Temp_ADC1_Init), (12 bytes).
    Removing iwdg.o(i.IWDG_Conf), (36 bytes).
    Removing iwdg.o(i.IWDG_Feed), (8 bytes).
    Removing wwdg.o(i.WWDG_Conf), (70 bytes).
    Removing wwdg.o(i.WWDG_Feed), (10 bytes).
    Removing pvd.o(i.PVD_Conf), (82 bytes).
    Removing rtc.o(i.RTC_CLOCK_Conf), (124 bytes).
    Removing rtc.o(i.RTC_Conf), (94 bytes).
    Removing rtc.o(i.Time_Calculate), (120 bytes).
    Removing rtc.o(.bss), (600 bytes).
    Removing rtc.o(.conststring), (224 bytes).
    Removing rtc.o(.data), (216 bytes).
    Removing date.o(i.GregorianDay), (152 bytes).
    Removing date.o(i.Struct_To_UNIX), (124 bytes).
    Removing date.o(i.UNIX_To_Struct), (204 bytes).
    Removing date.o(.constdata), (48 bytes).
    Removing date.o(.data), (48 bytes).
    Removing calendar.o(i.GetChinaCalendar), (520 bytes).
    Removing calendar.o(i.GetChinaCalendarStr), (296 bytes).
    Removing calendar.o(i.GetJieQi), (168 bytes).
    Removing calendar.o(i.GetJieQiStr), (324 bytes).
    Removing calendar.o(i.GetMoonDay), (288 bytes).
    Removing calendar.o(i.GetSkyEarth), (56 bytes).
    Removing calendar.o(i.StrCopy), (24 bytes).
    Removing calendar.o(.constdata), (814 bytes).
    Removing calendar.o(.conststring), (335 bytes).
    Removing calendar.o(.data), (248 bytes).
    Removing lcd_driver.o(i.LCD_WriteCmdData), (20 bytes).
    Removing lcd_driver.o(i.TFT_ClearScreen), (52 bytes).
    Removing lcd_driver.o(i.TFT_Conf), (632 bytes).
    Removing lcd_driver.o(i.TFT_FSMC_Config), (86 bytes).
    Removing lcd_driver.o(i.TFT_GPIO_Config), (88 bytes).
    Removing lcd_driver.o(i.TFT_SetWindow), (80 bytes).
    Removing lcd_driver.o(i.TFT_WriteCmd), (12 bytes).
    Removing lcd_driver.o(i.TFT_WriteData), (12 bytes).
    Removing lcd_driver.o(i.TFT_WriteData_Color), (12 bytes).
    Removing gui.o(i.GUI_Box), (92 bytes).
    Removing gui.o(i.GUI_Dot), (28 bytes).
    Removing gui.o(i.GUI_DrowSign), (136 bytes).
    Removing gui.o(i.GUI_FontUpdate), (484 bytes).
    Removing gui.o(i.GUI_Show12Char), (360 bytes).
    Removing gui.o(i.GUI_Show16Chinese), (208 bytes).
    Removing codetab.o(.constdata), (8344 bytes).
    Removing codetab.o(.data), (1184 bytes).
    Removing picture.o(.constdata), (1024 bytes).
    Removing picture.o(.data), (480 bytes).
    Removing oled_i2c.o(i.I2C_Configuration), (124 bytes).
    Removing oled_i2c.o(i.I2C_WriteByte), (140 bytes).
    Removing oled_i2c.o(i.OLED_I2C_CLS), (10 bytes).
    Removing oled_i2c.o(i.OLED_I2C_Conf), (178 bytes).
    Removing oled_i2c.o(i.OLED_I2C_DrawBMP), (116 bytes).
    Removing oled_i2c.o(i.OLED_I2C_Fill), (58 bytes).
    Removing oled_i2c.o(i.OLED_I2C_OFF), (22 bytes).
    Removing oled_i2c.o(i.OLED_I2C_ON), (22 bytes).
    Removing oled_i2c.o(i.OLED_I2C_ShowCN), (84 bytes).
    Removing oled_i2c.o(i.OLED_I2C_ShowStr), (236 bytes).
    Removing oled_i2c.o(i.OLED_I2C_WriteCmd), (14 bytes).
    Removing oled_i2c.o(i.OLED_I2C_WriteDat), (14 bytes).
    Removing oled_i2c.o(i.OLED_SetPos), (40 bytes).
    Removing oled_ssd1306_gt20l16.o(i.GT20_GetBytes), (108 bytes).
    Removing oled_ssd1306_gt20l16.o(i.GT20_RDAT), (60 bytes).
    Removing oled_ssd1306_gt20l16.o(i.GT20_WCMD), (56 bytes).
    Removing oled_ssd1306_gt20l16.o(i.OLED_GPIO_Conf), (76 bytes).
    Removing oled_ssd1306_gt20l16.o(i.OLED_GT20Photo), (136 bytes).
    Removing oled_ssd1306_gt20l16.o(i.OLED_Picture), (136 bytes).
    Removing oled_ssd1306_gt20l16.o(i.OLED_SG_Block_Fill), (58 bytes).
    Removing oled_ssd1306_gt20l16.o(i.OLED_SG_Bright), (48 bytes).
    Removing oled_ssd1306_gt20l16.o(i.OLED_SG_Clear), (40 bytes).
    Removing oled_ssd1306_gt20l16.o(i.OLED_SG_Conf), (162 bytes).
    Removing oled_ssd1306_gt20l16.o(i.OLED_SG_DrawPoint), (96 bytes).
    Removing oled_ssd1306_gt20l16.o(i.OLED_SG_Off), (22 bytes).
    Removing oled_ssd1306_gt20l16.o(i.OLED_SG_On), (22 bytes).
    Removing oled_ssd1306_gt20l16.o(i.OLED_SG_Refresh_Gram), (68 bytes).
    Removing oled_ssd1306_gt20l16.o(i.OLED_SG_WCMD), (92 bytes).
    Removing oled_ssd1306_gt20l16.o(i.OLED_SG_WDAT), (92 bytes).
    Removing oled_ssd1306_gt20l16.o(i.OLED_Show5X7String), (132 bytes).
    Removing oled_ssd1306_gt20l16.o(i.OLED_Show7X8String), (128 bytes).
    Removing oled_ssd1306_gt20l16.o(i.OLED_Show8X16BoldString), (136 bytes).
    Removing oled_ssd1306_gt20l16.o(i.OLED_Show8X16Num), (112 bytes).
    Removing oled_ssd1306_gt20l16.o(i.OLED_Show8X16String), (136 bytes).
    Removing oled_ssd1306_gt20l16.o(i.OLED_ShowFloatNum), (416 bytes).
    Removing oled_ssd1306_gt20l16.o(i.OLED_ShowGB2312String), (484 bytes).
    Removing oled_ssd1306_gt20l16.o(i.OLED_ShowNumString), (124 bytes).
    Removing oled_ssd1306_gt20l16.o(i.OLED_ShowX16ArialString), (148 bytes).
    Removing oled_ssd1306_gt20l16.o(i.OLED_ShowX16TimesNewRomanString), (148 bytes).
    Removing oled_ssd1306_gt20l16.o(i.mypow), (22 bytes).
    Removing oled_ssd1306_gt20l16.o(.bss), (1024 bytes).
    Removing oled_ssd1306_gt20l16.o(.data), (4 bytes).
    Removing oled_ssd1306_iic_8080.o(i.OLED_Clear), (48 bytes).
    Removing oled_ssd1306_iic_8080.o(i.OLED_Conf), (296 bytes).
    Removing oled_ssd1306_iic_8080.o(i.OLED_Display_Off), (28 bytes).
    Removing oled_ssd1306_iic_8080.o(i.OLED_Display_On), (28 bytes).
    Removing oled_ssd1306_iic_8080.o(i.OLED_DrawBMP), (120 bytes).
    Removing oled_ssd1306_iic_8080.o(i.OLED_DrawPoint), (104 bytes).
    Removing oled_ssd1306_iic_8080.o(i.OLED_Fill), (58 bytes).
    Removing oled_ssd1306_iic_8080.o(i.OLED_Refresh_Gram), (76 bytes).
    Removing oled_ssd1306_iic_8080.o(i.OLED_Set_Pos), (46 bytes).
    Removing oled_ssd1306_iic_8080.o(i.OLED_ShowChar), (268 bytes).
    Removing oled_ssd1306_iic_8080.o(i.OLED_ShowFontHZ), (236 bytes).
    Removing oled_ssd1306_iic_8080.o(i.OLED_ShowNum), (148 bytes).
    Removing oled_ssd1306_iic_8080.o(i.OLED_ShowString), (94 bytes).
    Removing oled_ssd1306_iic_8080.o(i.OLED_WR_Byte), (92 bytes).
    Removing oled_ssd1306_iic_8080.o(i.oled_pow), (22 bytes).
    Removing oled_ssd1306_iic_8080.o(.bss), (1024 bytes).
    Removing touch.o(i.TOUCH_Adjust), (380 bytes).
    Removing touch.o(i.TOUCH_Init), (96 bytes).
    Removing touch.o(i.TOUCH_ReadAdjust), (90 bytes).
    Removing touch.o(i.TOUCH_ReadData), (192 bytes).
    Removing touch.o(i.TOUCH_ReadXY), (158 bytes).
    Removing touch.o(i.TOUCH_Scan), (176 bytes).
    Removing touch.o(.bss), (16 bytes).
    Removing touch.o(.data), (8 bytes).
    Removing st7735s_lcd.o(i.LCD_ST7735S_dir), (2572 bytes).
    Removing st7735s_lcd.o(i.LCD_ST7735S_init), (4004 bytes).
    Removing st7735s_lcd.o(i.LCD_ST7735S_ptlon), (752 bytes).
    Removing st7735s_lcd.o(i.LCD_ST7735S_wr_cmd), (84 bytes).
    Removing st7735s_lcd.o(i.LCD_ST7735S_wr_data), (84 bytes).
    Removing st7735s_lcd.o(i.ST7735S_get_dir), (12 bytes).
    Removing st7735s_lcd.o(i.ST7735S_get_h), (12 bytes).
    Removing st7735s_lcd.o(i.ST7735S_get_w), (12 bytes).
    Removing st7735s_lcd.o(.data), (5 bytes).
    Removing st7735s_gui.o(i.LCD_Img_Binary), (356 bytes).
    Removing st7735s_gui.o(i.LCD_Img_Binary_Z), (400 bytes).
    Removing st7735s_gui.o(i.LCD_Img_gray), (236 bytes).
    Removing st7735s_gui.o(i.LCD_Img_gray_Z), (308 bytes).
    Removing st7735s_gui.o(i.LCD_ST7735S_Conf), (38 bytes).
    Removing st7735s_gui.o(i.LCD_ST7735S_char), (428 bytes).
    Removing st7735s_gui.o(i.LCD_ST7735S_point), (204 bytes).
    Removing st7735s_gui.o(i.LCD_ST7735S_points), (34 bytes).
    Removing st7735s_gui.o(i.LCD_ST7735S_rectangle), (216 bytes).
    Removing st7735s_gui.o(i.LCD_ST7735S_str), (100 bytes).
    Removing st7735s_gui.o(i.LCD_num), (124 bytes).
    Removing st7735s_gui.o(i.LCD_num_BC), (220 bytes).
    Removing st7735s_gui.o(i.LCD_wave), (150 bytes).
    Removing st7735s_gui.o(i.LCD_wave_display), (134 bytes).
    Removing st7735s_gui.o(.constdata), (8 bytes).
    Removing ascii.o(.constdata), (1536 bytes).
    Removing ascii.o(.data), (192 bytes).
    Removing ili9341.o(i.ILI9341_BackLed_Control), (32 bytes).
    Removing ili9341.o(i.ILI9341_Clear), (44 bytes).
    Removing ili9341.o(i.ILI9341_Delay), (18 bytes).
    Removing ili9341.o(i.ILI9341_DispChar_CH), (132 bytes).
    Removing ili9341.o(i.ILI9341_DispChar_EN), (152 bytes).
    Removing ili9341.o(i.ILI9341_DispStringLine_EN), (104 bytes).
    Removing ili9341.o(i.ILI9341_DispStringLine_EN_CH), (180 bytes).
    Removing ili9341.o(i.ILI9341_DispString_CH), (96 bytes).
    Removing ili9341.o(i.ILI9341_DispString_EN), (104 bytes).
    Removing ili9341.o(i.ILI9341_DispString_EN_CH), (180 bytes).
    Removing ili9341.o(i.ILI9341_DispString_EN_CH_YDir), (120 bytes).
    Removing ili9341.o(i.ILI9341_DispString_EN_YDir), (104 bytes).
    Removing ili9341.o(i.ILI9341_DisplayStringEx), (264 bytes).
    Removing ili9341.o(i.ILI9341_DisplayStringEx_YDir), (268 bytes).
    Removing ili9341.o(i.ILI9341_DrawChar_Ex), (100 bytes).
    Removing ili9341.o(i.ILI9341_DrawCircle), (312 bytes).
    Removing ili9341.o(i.ILI9341_DrawLine), (160 bytes).
    Removing ili9341.o(i.ILI9341_DrawRectangle), (136 bytes).
    Removing ili9341.o(i.ILI9341_FSMC_Config), (98 bytes).
    Removing ili9341.o(i.ILI9341_FillColor), (32 bytes).
    Removing ili9341.o(i.ILI9341_GPIO_Config), (412 bytes).
    Removing ili9341.o(i.ILI9341_GetPointPixel), (24 bytes).
    Removing ili9341.o(i.ILI9341_GramScan), (184 bytes).
    Removing ili9341.o(i.ILI9341_Init), (40 bytes).
    Removing ili9341.o(i.ILI9341_OpenWindow), (96 bytes).
    Removing ili9341.o(i.ILI9341_REG_Config), (560 bytes).
    Removing ili9341.o(i.ILI9341_Read_PixelData), (54 bytes).
    Removing ili9341.o(i.ILI9341_Rst), (44 bytes).
    Removing ili9341.o(i.ILI9341_SetCursor), (20 bytes).
    Removing ili9341.o(i.ILI9341_SetPointPixel), (56 bytes).
    Removing ili9341.o(i.ILI9341_zoomChar), (388 bytes).
    Removing ili9341.o(i.LCD_ClearLine), (32 bytes).
    Removing ili9341.o(i.LCD_GetColors), (24 bytes).
    Removing ili9341.o(i.LCD_GetFont), (12 bytes).
    Removing ili9341.o(i.LCD_SetBackColor), (12 bytes).
    Removing ili9341.o(i.LCD_SetColors), (20 bytes).
    Removing ili9341.o(i.LCD_SetFont), (12 bytes).
    Removing ili9341.o(i.LCD_SetTextColor), (12 bytes).
    Removing ili9341.o(.bss), (17408 bytes).
    Removing ili9341.o(.data), (16 bytes).
    Removing fonts.o(i.GetGBKCode_from_sd), (176 bytes).
    Removing fonts.o(.bss), (1116 bytes).
    Removing fonts.o(.constdata), (15200 bytes).
    Removing fonts.o(.data), (33 bytes).
    Removing malloc.o(i.MEMORY_Free), (72 bytes).
    Removing malloc.o(i.MEMORY_Init), (32 bytes).
    Removing malloc.o(i.MEMORY_Maloc), (140 bytes).
    Removing malloc.o(i.MEMORY_Set), (18 bytes).
    Removing malloc.o(i.free), (32 bytes).
    Removing malloc.o(i.malloc), (32 bytes).
    Removing malloc.o(.data), (16 bytes).
    Removing bmp.o(i.LCD_Show_BMP), (508 bytes).
    Removing bmp.o(i.Screen_Shot), (452 bytes).
    Removing bmp.o(i.showBmpHead), (128 bytes).
    Removing bmp.o(i.showBmpInforHead), (364 bytes).
    Removing bmp.o(.bss), (2064 bytes).
    Removing bmp.o(.data), (1 bytes).
    Removing dmp_exti.o(i.DMP_EXTI_CONF), (92 bytes).
    Removing inv_mpu_dmp_motion_driver.o(i.decode_gesture), (100 bytes).
    Removing inv_mpu_dmp_motion_driver.o(i.dmp_enable_6x_lp_quat), (60 bytes).
    Removing inv_mpu_dmp_motion_driver.o(i.dmp_enable_feature), (540 bytes).
    Removing inv_mpu_dmp_motion_driver.o(i.dmp_enable_gyro_cal), (88 bytes).
    Removing inv_mpu_dmp_motion_driver.o(i.dmp_enable_lp_quat), (60 bytes).
    Removing inv_mpu_dmp_motion_driver.o(i.dmp_get_enabled_features), (16 bytes).
    Removing inv_mpu_dmp_motion_driver.o(i.dmp_get_fifo_rate), (16 bytes).
    Removing inv_mpu_dmp_motion_driver.o(i.dmp_get_pedometer_step_count), (66 bytes).
    Removing inv_mpu_dmp_motion_driver.o(i.dmp_get_pedometer_walk_time), (72 bytes).
    Removing inv_mpu_dmp_motion_driver.o(i.dmp_load_motion_driver_firmware), (24 bytes).
    Removing inv_mpu_dmp_motion_driver.o(i.dmp_read_fifo), (460 bytes).
    Removing inv_mpu_dmp_motion_driver.o(i.dmp_register_android_orient_cb), (16 bytes).
    Removing inv_mpu_dmp_motion_driver.o(i.dmp_register_tap_cb), (16 bytes).
    Removing inv_mpu_dmp_motion_driver.o(i.dmp_set_accel_bias), (304 bytes).
    Removing inv_mpu_dmp_motion_driver.o(i.dmp_set_fifo_rate), (112 bytes).
    Removing inv_mpu_dmp_motion_driver.o(i.dmp_set_gyro_bias), (304 bytes).
    Removing inv_mpu_dmp_motion_driver.o(i.dmp_set_interrupt_mode), (92 bytes).
    Removing inv_mpu_dmp_motion_driver.o(i.dmp_set_orientation), (312 bytes).
    Removing inv_mpu_dmp_motion_driver.o(i.dmp_set_pedometer_step_count), (42 bytes).
    Removing inv_mpu_dmp_motion_driver.o(i.dmp_set_pedometer_walk_time), (48 bytes).
    Removing inv_mpu_dmp_motion_driver.o(i.dmp_set_shake_reject_thresh), (56 bytes).
    Removing inv_mpu_dmp_motion_driver.o(i.dmp_set_shake_reject_time), (38 bytes).
    Removing inv_mpu_dmp_motion_driver.o(i.dmp_set_shake_reject_timeout), (38 bytes).
    Removing inv_mpu_dmp_motion_driver.o(i.dmp_set_tap_axes), (70 bytes).
    Removing inv_mpu_dmp_motion_driver.o(i.dmp_set_tap_count), (38 bytes).
    Removing inv_mpu_dmp_motion_driver.o(i.dmp_set_tap_thresh), (416 bytes).
    Removing inv_mpu_dmp_motion_driver.o(i.dmp_set_tap_time), (38 bytes).
    Removing inv_mpu_dmp_motion_driver.o(i.dmp_set_tap_time_multi), (38 bytes).
    Removing inv_mpu_dmp_motion_driver.o(.bss), (16 bytes).
    Removing inv_mpu_dmp_motion_driver.o(.constdata), (3062 bytes).
    Removing inv_mpu.o(i.accel_self_test), (168 bytes).
    Removing inv_mpu.o(i.get_accel_prod_shift), (180 bytes).
    Removing inv_mpu.o(i.get_ms), (2 bytes).
    Removing inv_mpu.o(i.get_st_biases), (1136 bytes).
    Removing inv_mpu.o(i.gyro_self_test), (272 bytes).
    Removing inv_mpu.o(i.mpu_configure_fifo), (112 bytes).
    Removing inv_mpu.o(i.mpu_get_accel_fsr), (76 bytes).
    Removing inv_mpu.o(i.mpu_get_accel_reg), (116 bytes).
    Removing inv_mpu.o(i.mpu_get_accel_sens), (84 bytes).
    Removing inv_mpu.o(i.mpu_get_compass_fsr), (8 bytes).
    Removing inv_mpu.o(i.mpu_get_compass_reg), (8 bytes).
    Removing inv_mpu.o(i.mpu_get_compass_sample_rate), (10 bytes).
    Removing inv_mpu.o(i.mpu_get_dmp_state), (20 bytes).
    Removing inv_mpu.o(i.mpu_get_fifo_config), (16 bytes).
    Removing inv_mpu.o(i.mpu_get_gyro_fsr), (68 bytes).
    Removing inv_mpu.o(i.mpu_get_gyro_reg), (116 bytes).
    Removing inv_mpu.o(i.mpu_get_gyro_sens), (80 bytes).
    Removing inv_mpu.o(i.mpu_get_int_status), (68 bytes).
    Removing inv_mpu.o(i.mpu_get_lpf), (80 bytes).
    Removing inv_mpu.o(i.mpu_get_power_state), (28 bytes).
    Removing inv_mpu.o(i.mpu_get_sample_rate), (32 bytes).
    Removing inv_mpu.o(i.mpu_get_temperature), (160 bytes).
    Removing inv_mpu.o(i.mpu_init), (496 bytes).
    Removing inv_mpu.o(i.mpu_load_firmware), (184 bytes).
    Removing inv_mpu.o(i.mpu_lp_accel_mode), (224 bytes).
    Removing inv_mpu.o(i.mpu_lp_motion_interrupt), (516 bytes).
    Removing inv_mpu.o(i.mpu_read_fifo), (504 bytes).
    Removing inv_mpu.o(i.mpu_read_fifo_stream), (192 bytes).
    Removing inv_mpu.o(i.mpu_read_mem), (128 bytes).
    Removing inv_mpu.o(i.mpu_read_reg), (72 bytes).
    Removing inv_mpu.o(i.mpu_reg_dump), (104 bytes).
    Removing inv_mpu.o(i.mpu_reset_fifo), (456 bytes).
    Removing inv_mpu.o(i.mpu_run_self_test), (284 bytes).
    Removing inv_mpu.o(i.mpu_set_accel_bias), (384 bytes).
    Removing inv_mpu.o(i.mpu_set_accel_fsr), (132 bytes).
    Removing inv_mpu.o(i.mpu_set_bypass), (332 bytes).
    Removing inv_mpu.o(i.mpu_set_compass_sample_rate), (8 bytes).
    Removing inv_mpu.o(i.mpu_set_dmp_state), (144 bytes).
    Removing inv_mpu.o(i.mpu_set_gyro_fsr), (136 bytes).
    Removing inv_mpu.o(i.mpu_set_int_latched), (108 bytes).
    Removing inv_mpu.o(i.mpu_set_int_level), (16 bytes).
    Removing inv_mpu.o(i.mpu_set_lpf), (132 bytes).
    Removing inv_mpu.o(i.mpu_set_sample_rate), (156 bytes).
    Removing inv_mpu.o(i.mpu_set_sensors), (208 bytes).
    Removing inv_mpu.o(i.mpu_write_mem), (128 bytes).
    Removing inv_mpu.o(i.set_int_enable), (144 bytes).
    Removing inv_mpu.o(.constdata), (80 bytes).
    Removing inv_mpu.o(.conststring), (77 bytes).
    Removing inv_mpu.o(.data), (44 bytes).
    Removing mpu_dmp_useapi.o(i.SYSTEM_Reset), (48 bytes).
    Removing mpu_dmp_useapi.o(i.SetReportFlag), (88 bytes).
    Removing mpu_dmp_useapi.o(i.dmp_getdata), (720 bytes).
    Removing mpu_dmp_useapi.o(i.gyro_data_ready_cb), (12 bytes).
    Removing mpu_dmp_useapi.o(i.inv_orientation_matrix_to_scalar), (40 bytes).
    Removing mpu_dmp_useapi.o(i.inv_row_2_scale), (78 bytes).
    Removing mpu_dmp_useapi.o(i.mpu_dmp_init), (152 bytes).
    Removing mpu_dmp_useapi.o(i.run_self_test), (148 bytes).
    Removing mpu_dmp_useapi.o(.bss), (32 bytes).
    Removing mpu_dmp_useapi.o(.data), (60 bytes).
    Removing mpu6050_i2cmoni.o(i.MPU6050_MoniI2c_Config), (130 bytes).
    Removing mpu6050_i2cmoni.o(i.MPU6050_MoniI2c_GetAccX), (34 bytes).
    Removing mpu6050_i2cmoni.o(i.MPU6050_MoniI2c_GetAccY), (34 bytes).
    Removing mpu6050_i2cmoni.o(i.MPU6050_MoniI2c_GetAccZ), (34 bytes).
    Removing mpu6050_i2cmoni.o(i.MPU6050_MoniI2c_GetGyroX), (34 bytes).
    Removing mpu6050_i2cmoni.o(i.MPU6050_MoniI2c_GetGyroY), (34 bytes).
    Removing mpu6050_i2cmoni.o(i.MPU6050_MoniI2c_GetGyroZ), (34 bytes).
    Removing mpu6050_i2cmoni.o(i.MPU6050_MoniI2c_GetId), (24 bytes).
    Removing mpu6050_i2cmoni.o(i.MPU6050_MoniI2c_GetTemperature), (88 bytes).
    Removing mpu6050_i2cmoni.o(i.MPU6050_MoniI2c_ITConfig), (24 bytes).
    Removing ov7725.o(i.FIFO_GPIO_Config), (148 bytes).
    Removing ov7725.o(i.ImagDisp), (148 bytes).
    Removing ov7725.o(i.OV7725_Brightness), (104 bytes).
    Removing ov7725.o(i.OV7725_Color_Saturation), (46 bytes).
    Removing ov7725.o(i.OV7725_Contrast), (40 bytes).
    Removing ov7725.o(i.OV7725_GPIO_Config), (16 bytes).
    Removing ov7725.o(i.OV7725_Init), (104 bytes).
    Removing ov7725.o(i.OV7725_Light_Mode), (282 bytes).
    Removing ov7725.o(i.OV7725_Special_Effect), (196 bytes).
    Removing ov7725.o(i.OV7725_Window_Set), (232 bytes).
    Removing ov7725.o(i.OV7725_Window_VGA_Set), (212 bytes).
    Removing ov7725.o(i.VSYNC_GPIO_Config), (84 bytes).
    Removing ov7725.o(.data), (176 bytes).
    Removing sccb.o(i.SCCB_Ack), (64 bytes).
    Removing sccb.o(i.SCCB_GPIO_Config), (68 bytes).
    Removing sccb.o(i.SCCB_NoAck), (64 bytes).
    Removing sccb.o(i.SCCB_ReadByte), (122 bytes).
    Removing sccb.o(i.SCCB_ReceiveByte), (92 bytes).
    Removing sccb.o(i.SCCB_SendByte), (100 bytes).
    Removing sccb.o(i.SCCB_Start), (96 bytes).
    Removing sccb.o(i.SCCB_Stop), (64 bytes).
    Removing sccb.o(i.SCCB_WaitAck), (88 bytes).
    Removing sccb.o(i.SCCB_WriteByte), (64 bytes).
    Removing sccb.o(i.SCCB_delay), (16 bytes).
    Removing ov7725_eagle.o(i.OV7725_EAGLE_DMA_Conf), (100 bytes).
    Removing ov7725_eagle.o(i.OV7725_Eagle_Conf), (36 bytes).
    Removing ov7725_eagle.o(i.OV7725_Eagle_GPIO_Init), (184 bytes).
    Removing ov7725_eagle.o(i.OV7725_Eagle_Get_Img), (44 bytes).
    Removing ov7725_eagle.o(i.OV7725_Eagle_Reg_Init), (328 bytes).
    Removing ov7725_eagle.o(i.img_extract), (132 bytes).
    Removing ov7725_eagle.o(.data), (106 bytes).
    Removing hc4052.o(i.HC4052_Init), (44 bytes).
    Removing hc4052.o(i.HC4052_OutputSelect), (64 bytes).
    Removing mp3player.o(i.MP3_AudioSetting), (26 bytes).
    Removing mp3player.o(i.MP3_BaseSetting), (72 bytes).
    Removing mp3player.o(i.MP3_EffectSetting), (54 bytes).
    Removing mp3player.o(i.MP3_Init), (62 bytes).
    Removing mp3player.o(i.MP3_PlaySong), (184 bytes).
    Removing mp3player.o(i.MP3_ShowVolume), (2 bytes).
    Removing mp3player.o(.data), (1 bytes).
    Removing vs10xx.o(i.VS10XX_Config), (108 bytes).
    Removing vs10xx.o(i.VS10XX_HardwareReset), (96 bytes).
    Removing vs10xx.o(i.VS10XX_RAM_Test), (136 bytes).
    Removing vs10xx.o(i.VS10XX_ReadData), (132 bytes).
    Removing vs10xx.o(i.VS10XX_SendMusicData), (68 bytes).
    Removing vs10xx.o(i.VS10XX_SineTest), (204 bytes).
    Removing vs10xx.o(i.VS10XX_SoftReset), (176 bytes).
    Removing vs10xx.o(i.VS10XX_WriteCmd), (124 bytes).
    Removing vs1053.o(i.SPI2_ReadWriteByte), (56 bytes).
    Removing vs1053.o(i.SPI_SetSpeed), (40 bytes).
    Removing vs1053.o(i.VS_Get_ByteRate), (12 bytes).
    Removing vs1053.o(i.VS_Get_DecodeTime), (16 bytes).
    Removing vs1053.o(i.VS_Get_EndFillByte), (12 bytes).
    Removing vs1053.o(i.VS_Get_HeadInfo), (172 bytes).
    Removing vs1053.o(i.VS_HD_Reset), (100 bytes).
    Removing vs1053.o(i.VS_Init), (232 bytes).
    Removing vs1053.o(i.VS_Load_Patch), (112 bytes).
    Removing vs1053.o(i.VS_RD_Reg), (108 bytes).
    Removing vs1053.o(i.VS_Ram_Test), (124 bytes).
    Removing vs1053.o(i.VS_Reset_DecodeTime), (20 bytes).
    Removing vs1053.o(i.VS_Restart_Play), (182 bytes).
    Removing vs1053.o(i.VS_SPI_ReadWriteByte), (12 bytes).
    Removing vs1053.o(i.VS_SPI_SpeedHigh), (10 bytes).
    Removing vs1053.o(i.VS_SPI_SpeedLow), (10 bytes).
    Removing vs1053.o(i.VS_Send_MusicData), (72 bytes).
    Removing vs1053.o(i.VS_Set_All), (40 bytes).
    Removing vs1053.o(i.VS_Set_Bass), (102 bytes).
    Removing vs1053.o(i.VS_Set_Effect), (54 bytes).
    Removing vs1053.o(i.VS_Set_Speed), (16 bytes).
    Removing vs1053.o(i.VS_Set_Vol), (38 bytes).
    Removing vs1053.o(i.VS_Sine_Test), (204 bytes).
    Removing vs1053.o(i.VS_Soft_Reset), (136 bytes).
    Removing vs1053.o(i.VS_WRAM_Read), (24 bytes).
    Removing vs1053.o(i.VS_WRAM_Write), (44 bytes).
    Removing vs1053.o(i.VS_WR_Cmd), (92 bytes).
    Removing vs1053.o(i.VS_WR_Data), (40 bytes).
    Removing vs1053.o(i.vs1053_player_song), (168 bytes).
    Removing vs1053.o(.bss), (4096 bytes).
    Removing vs1053.o(.constdata), (10930 bytes).
    Removing vs1053.o(.data), (12 bytes).
    Removing cc936.o(i.ff_convert), (124 bytes).
    Removing cc936.o(i.ff_wtoupper), (56 bytes).
    Removing cc936.o(.constdata), (175304 bytes).
    Removing diskio.o(i.disk_initialize), (42 bytes).
    Removing diskio.o(i.disk_ioctl), (26 bytes).
    Removing diskio.o(i.disk_read), (58 bytes).
    Removing diskio.o(i.disk_status), (30 bytes).
    Removing diskio.o(i.disk_write), (58 bytes).
    Removing diskio.o(i.get_fattime), (4 bytes).
    Removing ff.o(i.check_fs), (144 bytes).
    Removing ff.o(i.chk_chr), (20 bytes).
    Removing ff.o(i.chk_mounted), (924 bytes).
    Removing ff.o(i.clmt_clust), (50 bytes).
    Removing ff.o(i.clust2sect), (26 bytes).
    Removing ff.o(i.cmp_lfn), (144 bytes).
    Removing ff.o(i.create_chain), (202 bytes).
    Removing ff.o(i.create_name), (624 bytes).
    Removing ff.o(i.dir_alloc), (86 bytes).
    Removing ff.o(i.dir_find), (222 bytes).
    Removing ff.o(i.dir_next), (276 bytes).
    Removing ff.o(i.dir_read), (196 bytes).
    Removing ff.o(i.dir_register), (310 bytes).
    Removing ff.o(i.dir_remove), (96 bytes).
    Removing ff.o(i.dir_sdi), (156 bytes).
    Removing ff.o(i.f_chmod), (92 bytes).
    Removing ff.o(i.f_close), (22 bytes).
    Removing ff.o(i.f_getfree), (260 bytes).
    Removing ff.o(i.f_lseek), (732 bytes).
    Removing ff.o(i.f_mkdir), (360 bytes).
    Removing ff.o(i.f_mkfs), (1588 bytes).
    Removing ff.o(i.f_mount), (44 bytes).
    Removing ff.o(i.f_open), (360 bytes).
    Removing ff.o(i.f_opendir), (120 bytes).
    Removing ff.o(i.f_read), (474 bytes).
    Removing ff.o(i.f_readdir), (96 bytes).
    Removing ff.o(i.f_rename), (284 bytes).
    Removing ff.o(i.f_stat), (68 bytes).
    Removing ff.o(i.f_sync), (176 bytes).
    Removing ff.o(i.f_truncate), (154 bytes).
    Removing ff.o(i.f_unlink), (180 bytes).
    Removing ff.o(i.f_utime), (96 bytes).
    Removing ff.o(i.f_write), (542 bytes).
    Removing ff.o(i.fit_lfn), (128 bytes).
    Removing ff.o(i.follow_path), (146 bytes).
    Removing ff.o(i.gen_numname), (190 bytes).
    Removing ff.o(i.get_fat), (228 bytes).
    Removing ff.o(i.get_fileinfo), (316 bytes).
    Removing ff.o(i.ld_clust), (32 bytes).
    Removing ff.o(i.mem_cmp), (38 bytes).
    Removing ff.o(i.mem_cpy), (26 bytes).
    Removing ff.o(i.mem_set), (20 bytes).
    Removing ff.o(i.move_window), (50 bytes).
    Removing ff.o(i.pick_lfn), (116 bytes).
    Removing ff.o(i.put_fat), (310 bytes).
    Removing ff.o(i.remove_chain), (104 bytes).
    Removing ff.o(i.st_clust), (16 bytes).
    Removing ff.o(i.sum_sfn), (32 bytes).
    Removing ff.o(i.sync_fs), (200 bytes).
    Removing ff.o(i.sync_window), (82 bytes).
    Removing ff.o(i.validate), (54 bytes).
    Removing ff.o(.bss), (512 bytes).
    Removing ff.o(.constdata), (58 bytes).
    Removing ff.o(.data), (6 bytes).
    Removing myfatapp.o(i.FATFS_GetFree), (74 bytes).
    Removing myfatapp.o(i.FATFS_ScanFiles), (172 bytes).
    Removing myfatapp.o(.bss), (256 bytes).
    Removing ad9834.o(i.AD9834_Reset), (36 bytes).
    Removing ad9834.o(i.AD9834_Select_Wave), (32 bytes).
    Removing ad9834.o(i.AD9834_Set_Freq), (100 bytes).
    Removing ad9834.o(i.AD9834_Write_16Bits), (104 bytes).
    Removing ad9834.o(i.Init_AD9834), (44 bytes).
    Removing fadd.o(.text), (176 bytes).
    Removing fmul.o(.text), (100 bytes).
    Removing fdiv.o(.text), (124 bytes).
    Removing dadd.o(.text), (334 bytes).
    Removing dmul.o(.text), (228 bytes).
    Removing ddiv.o(.text), (222 bytes).
    Removing fflti.o(.text), (18 bytes).
    Removing ffltui.o(.text), (10 bytes).
    Removing dflti.o(.text), (34 bytes).
    Removing dfltui.o(.text), (26 bytes).
    Removing ffixi.o(.text), (50 bytes).
    Removing ffixui.o(.text), (40 bytes).
    Removing dfixui.o(.text), (50 bytes).
    Removing f2d.o(.text), (38 bytes).
    Removing d2f.o(.text), (56 bytes).
    Removing cfcmple.o(.text), (20 bytes).
    Removing cfrcmple.o(.text), (20 bytes).
    Removing fepilogue.o(.text), (110 bytes).
    Removing depilogue.o(.text), (186 bytes).
    Removing dscalb.o(.text), (46 bytes).
    Removing dfixul.o(.text), (48 bytes).
    Removing cdrcmple.o(.text), (48 bytes).
    Removing dsqrt.o(.text), (162 bytes).
    Removing cdcmple.o(.text), (48 bytes).
    Removing ili9341.o(i.ILI9341_Write_Cmd), (8 bytes).
    Removing ili9341.o(i.ILI9341_Write_Data), (8 bytes).
    Removing ili9341.o(i.ILI9341_Read_Data), (8 bytes).

1111 unused section(s) (total 360686 bytes) removed from the image.

==============================================================================

Image Symbol Table

    Local Symbols

    Symbol Name                              Value     Ov Type        Size  Object(Section)

    ../clib/microlib/division.c              0x00000000   Number         0  ldiv.o ABSOLUTE
    ../clib/microlib/division.c              0x00000000   Number         0  uidiv.o ABSOLUTE
    ../clib/microlib/division.c              0x00000000   Number         0  uldiv.o ABSOLUTE
    ../clib/microlib/errno.c                 0x00000000   Number         0  errno.o ABSOLUTE
    ../clib/microlib/init/entry.s            0x00000000   Number         0  entry9a.o ABSOLUTE
    ../clib/microlib/init/entry.s            0x00000000   Number         0  entry8b.o ABSOLUTE
    ../clib/microlib/init/entry.s            0x00000000   Number         0  entry8a.o ABSOLUTE
    ../clib/microlib/init/entry.s            0x00000000   Number         0  entry10a.o ABSOLUTE
    ../clib/microlib/init/entry.s            0x00000000   Number         0  entry7b.o ABSOLUTE
    ../clib/microlib/init/entry.s            0x00000000   Number         0  entry2.o ABSOLUTE
    ../clib/microlib/init/entry.s            0x00000000   Number         0  entry7a.o ABSOLUTE
    ../clib/microlib/init/entry.s            0x00000000   Number         0  entry5.o ABSOLUTE
    ../clib/microlib/init/entry.s            0x00000000   Number         0  entry9b.o ABSOLUTE
    ../clib/microlib/init/entry.s            0x00000000   Number         0  entry.o ABSOLUTE
    ../clib/microlib/init/entry.s            0x00000000   Number         0  entry10b.o ABSOLUTE
    ../clib/microlib/init/entry.s            0x00000000   Number         0  entry11a.o ABSOLUTE
    ../clib/microlib/init/entry.s            0x00000000   Number         0  entry11b.o ABSOLUTE
    ../clib/microlib/longlong.c              0x00000000   Number         0  llshl.o ABSOLUTE
    ../clib/microlib/longlong.c              0x00000000   Number         0  llushr.o ABSOLUTE
    ../clib/microlib/longlong.c              0x00000000   Number         0  llsshr.o ABSOLUTE
    ../clib/microlib/printf/printf.c         0x00000000   Number         0  printf2.o ABSOLUTE
    ../clib/microlib/printf/printf.c         0x00000000   Number         0  printf3.o ABSOLUTE
    ../clib/microlib/printf/printf.c         0x00000000   Number         0  printf5.o ABSOLUTE
    ../clib/microlib/printf/printf.c         0x00000000   Number         0  printf6.o ABSOLUTE
    ../clib/microlib/printf/printf.c         0x00000000   Number         0  printf7.o ABSOLUTE
    ../clib/microlib/printf/printf.c         0x00000000   Number         0  printf8.o ABSOLUTE
    ../clib/microlib/printf/printf.c         0x00000000   Number         0  printfa.o ABSOLUTE
    ../clib/microlib/printf/printf.c         0x00000000   Number         0  printf4.o ABSOLUTE
    ../clib/microlib/printf/printf.c         0x00000000   Number         0  printf1.o ABSOLUTE
    ../clib/microlib/printf/printf.c         0x00000000   Number         0  printf0.o ABSOLUTE
    ../clib/microlib/printf/printf.c         0x00000000   Number         0  printfb.o ABSOLUTE
    ../clib/microlib/printf/stubs.s          0x00000000   Number         0  stubs.o ABSOLUTE
    ../clib/microlib/stdio/streams.c         0x00000000   Number         0  stdout.o ABSOLUTE
    ../clib/microlib/string/memcmp.c         0x00000000   Number         0  memcmp.o ABSOLUTE
    ../clib/microlib/string/memcpy.c         0x00000000   Number         0  memcpya.o ABSOLUTE
    ../clib/microlib/string/memcpy.c         0x00000000   Number         0  memcpyb.o ABSOLUTE
    ../clib/microlib/string/memset.c         0x00000000   Number         0  memseta.o ABSOLUTE
    ../clib/microlib/string/strstr.c         0x00000000   Number         0  strstr.o ABSOLUTE
    ../clib/microlib/stubs.s                 0x00000000   Number         0  iusefp.o ABSOLUTE
    ../fplib/microlib/d2f.c                  0x00000000   Number         0  d2f.o ABSOLUTE
    ../fplib/microlib/f2d.c                  0x00000000   Number         0  f2d.o ABSOLUTE
    ../fplib/microlib/fpadd.c                0x00000000   Number         0  dadd.o ABSOLUTE
    ../fplib/microlib/fpadd.c                0x00000000   Number         0  fadd.o ABSOLUTE
    ../fplib/microlib/fpdiv.c                0x00000000   Number         0  fdiv.o ABSOLUTE
    ../fplib/microlib/fpdiv.c                0x00000000   Number         0  ddiv.o ABSOLUTE
    ../fplib/microlib/fpepilogue.c           0x00000000   Number         0  fepilogue.o ABSOLUTE
    ../fplib/microlib/fpepilogue.c           0x00000000   Number         0  depilogue.o ABSOLUTE
    ../fplib/microlib/fpfix.c                0x00000000   Number         0  dfixul.o ABSOLUTE
    ../fplib/microlib/fpfix.c                0x00000000   Number         0  dfixui.o ABSOLUTE
    ../fplib/microlib/fpfix.c                0x00000000   Number         0  ffixi.o ABSOLUTE
    ../fplib/microlib/fpfix.c                0x00000000   Number         0  ffixui.o ABSOLUTE
    ../fplib/microlib/fpflt.c                0x00000000   Number         0  fflti.o ABSOLUTE
    ../fplib/microlib/fpflt.c                0x00000000   Number         0  ffltui.o ABSOLUTE
    ../fplib/microlib/fpflt.c                0x00000000   Number         0  dflti.o ABSOLUTE
    ../fplib/microlib/fpflt.c                0x00000000   Number         0  dfltui.o ABSOLUTE
    ../fplib/microlib/fpmul.c                0x00000000   Number         0  fmul.o ABSOLUTE
    ../fplib/microlib/fpmul.c                0x00000000   Number         0  dmul.o ABSOLUTE
    ../fplib/microlib/fpscalb.c              0x00000000   Number         0  dscalb.o ABSOLUTE
    ../fplib/microlib/fpsqrt.c               0x00000000   Number         0  dsqrt.o ABSOLUTE
    ../mathlib/asin.c                        0x00000000   Number         0  asin.o ABSOLUTE
    ../mathlib/asin.c                        0x00000000   Number         0  asin_x.o ABSOLUTE
    ../mathlib/atan.c                        0x00000000   Number         0  atan_x.o ABSOLUTE
    ../mathlib/atan.c                        0x00000000   Number         0  atan.o ABSOLUTE
    ../mathlib/atan2.c                       0x00000000   Number         0  atan2_x.o ABSOLUTE
    ../mathlib/atan2.c                       0x00000000   Number         0  atan2.o ABSOLUTE
    ../mathlib/dunder.c                      0x00000000   Number         0  dunder.o ABSOLUTE
    ../mathlib/fpclassify.c                  0x00000000   Number         0  fpclassify.o ABSOLUTE
    ../mathlib/poly.c                        0x00000000   Number         0  poly.o ABSOLUTE
    ../mathlib/qnan.c                        0x00000000   Number         0  qnan.o ABSOLUTE
    ../mathlib/sqrt.c                        0x00000000   Number         0  sqrt.o ABSOLUTE
    ../mathlib/sqrt.c                        0x00000000   Number         0  sqrt_x.o ABSOLUTE
    ..\Libraries\CMSIS\core_cm3.c            0x00000000   Number         0  core_cm3.o ABSOLUTE
    ..\Libraries\CMSIS\startup\startup_stm32f10x_hd.s 0x00000000   Number         0  startup_stm32f10x_hd.o ABSOLUTE
    ..\Libraries\CMSIS\system_stm32f10x.c    0x00000000   Number         0  system_stm32f10x.o ABSOLUTE
    ..\Libraries\STM32F10x_StdPeriph_Driver\src\misc.c 0x00000000   Number         0  misc.o ABSOLUTE
    ..\Libraries\STM32F10x_StdPeriph_Driver\src\stm32f10x_adc.c 0x00000000   Number         0  stm32f10x_adc.o ABSOLUTE
    ..\Libraries\STM32F10x_StdPeriph_Driver\src\stm32f10x_bkp.c 0x00000000   Number         0  stm32f10x_bkp.o ABSOLUTE
    ..\Libraries\STM32F10x_StdPeriph_Driver\src\stm32f10x_can.c 0x00000000   Number         0  stm32f10x_can.o ABSOLUTE
    ..\Libraries\STM32F10x_StdPeriph_Driver\src\stm32f10x_cec.c 0x00000000   Number         0  stm32f10x_cec.o ABSOLUTE
    ..\Libraries\STM32F10x_StdPeriph_Driver\src\stm32f10x_crc.c 0x00000000   Number         0  stm32f10x_crc.o ABSOLUTE
    ..\Libraries\STM32F10x_StdPeriph_Driver\src\stm32f10x_dac.c 0x00000000   Number         0  stm32f10x_dac.o ABSOLUTE
    ..\Libraries\STM32F10x_StdPeriph_Driver\src\stm32f10x_dbgmcu.c 0x00000000   Number         0  stm32f10x_dbgmcu.o ABSOLUTE
    ..\Libraries\STM32F10x_StdPeriph_Driver\src\stm32f10x_dma.c 0x00000000   Number         0  stm32f10x_dma.o ABSOLUTE
    ..\Libraries\STM32F10x_StdPeriph_Driver\src\stm32f10x_exti.c 0x00000000   Number         0  stm32f10x_exti.o ABSOLUTE
    ..\Libraries\STM32F10x_StdPeriph_Driver\src\stm32f10x_flash.c 0x00000000   Number         0  stm32f10x_flash.o ABSOLUTE
    ..\Libraries\STM32F10x_StdPeriph_Driver\src\stm32f10x_fsmc.c 0x00000000   Number         0  stm32f10x_fsmc.o ABSOLUTE
    ..\Libraries\STM32F10x_StdPeriph_Driver\src\stm32f10x_gpio.c 0x00000000   Number         0  stm32f10x_gpio.o ABSOLUTE
    ..\Libraries\STM32F10x_StdPeriph_Driver\src\stm32f10x_i2c.c 0x00000000   Number         0  stm32f10x_i2c.o ABSOLUTE
    ..\Libraries\STM32F10x_StdPeriph_Driver\src\stm32f10x_iwdg.c 0x00000000   Number         0  stm32f10x_iwdg.o ABSOLUTE
    ..\Libraries\STM32F10x_StdPeriph_Driver\src\stm32f10x_pwr.c 0x00000000   Number         0  stm32f10x_pwr.o ABSOLUTE
    ..\Libraries\STM32F10x_StdPeriph_Driver\src\stm32f10x_rcc.c 0x00000000   Number         0  stm32f10x_rcc.o ABSOLUTE
    ..\Libraries\STM32F10x_StdPeriph_Driver\src\stm32f10x_rtc.c 0x00000000   Number         0  stm32f10x_rtc.o ABSOLUTE
    ..\Libraries\STM32F10x_StdPeriph_Driver\src\stm32f10x_sdio.c 0x00000000   Number         0  stm32f10x_sdio.o ABSOLUTE
    ..\Libraries\STM32F10x_StdPeriph_Driver\src\stm32f10x_spi.c 0x00000000   Number         0  stm32f10x_spi.o ABSOLUTE
    ..\Libraries\STM32F10x_StdPeriph_Driver\src\stm32f10x_tim.c 0x00000000   Number         0  stm32f10x_tim.o ABSOLUTE
    ..\Libraries\STM32F10x_StdPeriph_Driver\src\stm32f10x_usart.c 0x00000000   Number         0  stm32f10x_usart.o ABSOLUTE
    ..\Libraries\STM32F10x_StdPeriph_Driver\src\stm32f10x_wwdg.c 0x00000000   Number         0  stm32f10x_wwdg.o ABSOLUTE
    ..\User\ASCII.c                          0x00000000   Number         0  ascii.o ABSOLUTE
    ..\User\FATFS\cc936.c                    0x00000000   Number         0  cc936.o ABSOLUTE
    ..\User\FATFS\diskio.c                   0x00000000   Number         0  diskio.o ABSOLUTE
    ..\User\FATFS\ff.c                       0x00000000   Number         0  ff.o ABSOLUTE
    ..\User\FATFS\myFatApp.c                 0x00000000   Number         0  myfatapp.o ABSOLUTE
    ..\User\TIM_Base.c                       0x00000000   Number         0  tim_base.o ABSOLUTE
    ..\User\UartMoni.c                       0x00000000   Number         0  uartmoni.o ABSOLUTE
    ..\User\ad5667\ad5667.c                  0x00000000   Number         0  ad5667.o ABSOLUTE
    ..\User\ad9834\ad9834.c                  0x00000000   Number         0  ad9834.o ABSOLUTE
    ..\User\adc.c                            0x00000000   Number         0  adc.o ABSOLUTE
    ..\User\advance_tim.c                    0x00000000   Number         0  advance_tim.o ABSOLUTE
    ..\User\beep.c                           0x00000000   Number         0  beep.o ABSOLUTE
    ..\User\bmp.c                            0x00000000   Number         0  bmp.o ABSOLUTE
    ..\User\bsp_clkconfig.c                  0x00000000   Number         0  bsp_clkconfig.o ABSOLUTE
    ..\User\bsp_mcooutput.c                  0x00000000   Number         0  bsp_mcooutput.o ABSOLUTE
    ..\User\calendar.c                       0x00000000   Number         0  calendar.o ABSOLUTE
    ..\User\codetab.c                        0x00000000   Number         0  codetab.o ABSOLUTE
    ..\User\dac.c                            0x00000000   Number         0  dac.o ABSOLUTE
    ..\User\date.c                           0x00000000   Number         0  date.o ABSOLUTE
    ..\User\dht11.c                          0x00000000   Number         0  dht11.o ABSOLUTE
    ..\User\dma_dst_uart.c                   0x00000000   Number         0  dma_dst_uart.o ABSOLUTE
    ..\User\dma_m2m.c                        0x00000000   Number         0  dma_m2m.o ABSOLUTE
    ..\User\dma_src_uart.c                   0x00000000   Number         0  dma_src_uart.o ABSOLUTE
    ..\User\dmp_exti.c                       0x00000000   Number         0  dmp_exti.o ABSOLUTE
    ..\User\eeprom_i2cmoni.c                 0x00000000   Number         0  eeprom_i2cmoni.o ABSOLUTE
    ..\User\flash_spi.c                      0x00000000   Number         0  flash_spi.o ABSOLUTE
    ..\User\fonts.c                          0x00000000   Number         0  fonts.o ABSOLUTE
    ..\User\general_tim.c                    0x00000000   Number         0  general_tim.o ABSOLUTE
    ..\User\gpio.c                           0x00000000   Number         0  gpio.o ABSOLUTE
    ..\User\gui.c                            0x00000000   Number         0  gui.o ABSOLUTE
    ..\User\i2c_hard.c                       0x00000000   Number         0  i2c_hard.o ABSOLUTE
    ..\User\i2c_moni.c                       0x00000000   Number         0  i2c_moni.o ABSOLUTE
    ..\User\ili9341.c                        0x00000000   Number         0  ili9341.o ABSOLUTE
    ..\User\inv_mpu.c                        0x00000000   Number         0  inv_mpu.o ABSOLUTE
    ..\User\inv_mpu_dmp_motion_driver.c      0x00000000   Number         0  inv_mpu_dmp_motion_driver.o ABSOLUTE
    ..\User\iwdg.c                           0x00000000   Number         0  iwdg.o ABSOLUTE
    ..\User\key.c                            0x00000000   Number         0  key.o ABSOLUTE
    ..\User\key_exti.c                       0x00000000   Number         0  key_exti.o ABSOLUTE
    ..\User\lcd_driver.c                     0x00000000   Number         0  lcd_driver.o ABSOLUTE
    ..\User\led.c                            0x00000000   Number         0  led.o ABSOLUTE
    ..\User\main.c                           0x00000000   Number         0  main.o ABSOLUTE
    ..\User\malloc.c                         0x00000000   Number         0  malloc.o ABSOLUTE
    ..\User\mp3\hc4052.c                     0x00000000   Number         0  hc4052.o ABSOLUTE
    ..\User\mp3\mp3player.c                  0x00000000   Number         0  mp3player.o ABSOLUTE
    ..\User\mp3\vs10xx.c                     0x00000000   Number         0  vs10xx.o ABSOLUTE
    ..\User\mpu6050_i2cmoni.c                0x00000000   Number         0  mpu6050_i2cmoni.o ABSOLUTE
    ..\User\mpu_dmp_useapi.c                 0x00000000   Number         0  mpu_dmp_useapi.o ABSOLUTE
    ..\User\nrf24l01.c                       0x00000000   Number         0  nrf24l01.o ABSOLUTE
    ..\User\nvic.c                           0x00000000   Number         0  nvic.o ABSOLUTE
    ..\User\oled_SSD1306_GT20L16.c           0x00000000   Number         0  oled_ssd1306_gt20l16.o ABSOLUTE
    ..\User\oled_SSD1306_iic_8080.c          0x00000000   Number         0  oled_ssd1306_iic_8080.o ABSOLUTE
    ..\User\oled_i2c.c                       0x00000000   Number         0  oled_i2c.o ABSOLUTE
    ..\User\ov7725.c                         0x00000000   Number         0  ov7725.o ABSOLUTE
    ..\User\ov7725_eagle.c                   0x00000000   Number         0  ov7725_eagle.o ABSOLUTE
    ..\User\picture.c                        0x00000000   Number         0  picture.o ABSOLUTE
    ..\User\pvd.c                            0x00000000   Number         0  pvd.o ABSOLUTE
    ..\User\pwr.c                            0x00000000   Number         0  pwr.o ABSOLUTE
    ..\User\rtc.c                            0x00000000   Number         0  rtc.o ABSOLUTE
    ..\User\sccb.c                           0x00000000   Number         0  sccb.o ABSOLUTE
    ..\User\sd.c                             0x00000000   Number         0  sd.o ABSOLUTE
    ..\User\smg.c                            0x00000000   Number         0  smg.o ABSOLUTE
    ..\User\spi.c                            0x00000000   Number         0  spi.o ABSOLUTE
    ..\User\st7735s_gui.c                    0x00000000   Number         0  st7735s_gui.o ABSOLUTE
    ..\User\st7735s_lcd.c                    0x00000000   Number         0  st7735s_lcd.o ABSOLUTE
    ..\User\stm32f10x_it.c                   0x00000000   Number         0  stm32f10x_it.o ABSOLUTE
    ..\User\systick.c                        0x00000000   Number         0  systick.o ABSOLUTE
    ..\User\tempad.c                         0x00000000   Number         0  tempad.o ABSOLUTE
    ..\User\touch.c                          0x00000000   Number         0  touch.o ABSOLUTE
    ..\User\unpack.c                         0x00000000   Number         0  unpack.o ABSOLUTE
    ..\User\usart.c                          0x00000000   Number         0  usart.o ABSOLUTE
    ..\User\vs1053.c                         0x00000000   Number         0  vs1053.o ABSOLUTE
    ..\User\wwdg.c                           0x00000000   Number         0  wwdg.o ABSOLUTE
    ..\\Libraries\\CMSIS\\core_cm3.c         0x00000000   Number         0  core_cm3.o ABSOLUTE
    cdcmple.s                                0x00000000   Number         0  cdcmple.o ABSOLUTE
    cdrcmple.s                               0x00000000   Number         0  cdrcmple.o ABSOLUTE
    cfcmple.s                                0x00000000   Number         0  cfcmple.o ABSOLUTE
    cfrcmple.s                               0x00000000   Number         0  cfrcmple.o ABSOLUTE
    dc.s                                     0x00000000   Number         0  dc.o ABSOLUTE
    handlers.s                               0x00000000   Number         0  handlers.o ABSOLUTE
    init.s                                   0x00000000   Number         0  init.o ABSOLUTE
    RESET                                    0x08000000   Section      304  startup_stm32f10x_hd.o(RESET)
    .ARM.Collect$$$$00000000                 0x08000130   Section        0  entry.o(.ARM.Collect$$$$00000000)
    .ARM.Collect$$$$00000001                 0x08000130   Section        4  entry2.o(.ARM.Collect$$$$00000001)
    .ARM.Collect$$$$00000004                 0x08000134   Section        4  entry5.o(.ARM.Collect$$$$00000004)
    .ARM.Collect$$$$00000008                 0x08000138   Section        0  entry7b.o(.ARM.Collect$$$$00000008)
    .ARM.Collect$$$$0000000A                 0x08000138   Section        0  entry8b.o(.ARM.Collect$$$$0000000A)
    .ARM.Collect$$$$0000000B                 0x08000138   Section        8  entry9a.o(.ARM.Collect$$$$0000000B)
    .ARM.Collect$$$$0000000D                 0x08000140   Section        0  entry10a.o(.ARM.Collect$$$$0000000D)
    .ARM.Collect$$$$0000000F                 0x08000140   Section        0  entry11a.o(.ARM.Collect$$$$0000000F)
    .ARM.Collect$$$$00002712                 0x08000140   Section        4  entry2.o(.ARM.Collect$$$$00002712)
    __lit__00000000                          0x08000140   Data           4  entry2.o(.ARM.Collect$$$$00002712)
    .text                                    0x08000144   Section       36  startup_stm32f10x_hd.o(.text)
    .text                                    0x08000168   Section       36  init.o(.text)
    i.AD5667_IIC_START                       0x0800018c   Section        0  ad5667.o(i.AD5667_IIC_START)
    i.AD5667_IIC_STOP                        0x080001d0   Section        0  ad5667.o(i.AD5667_IIC_STOP)
    i.AD5667_Init                            0x0800020c   Section        0  ad5667.o(i.AD5667_Init)
    i.AD5667_WRITE_BYTE                      0x08000238   Section        0  ad5667.o(i.AD5667_WRITE_BYTE)
    i.AD5667_WRITE_REG                       0x080002b4   Section        0  ad5667.o(i.AD5667_WRITE_REG)
    i.BusFault_Handler                       0x080002dc   Section        0  stm32f10x_it.o(i.BusFault_Handler)
    i.DebugMon_Handler                       0x080002e0   Section        0  stm32f10x_it.o(i.DebugMon_Handler)
    i.Delay_Handler                          0x080002e4   Section        0  systick.o(i.Delay_Handler)
    i.Delay_Us                               0x080002fc   Section        0  systick.o(i.Delay_Us)
    i.GPIO_Init                              0x08000332   Section        0  stm32f10x_gpio.o(i.GPIO_Init)
    i.GPIO_ResetBits                         0x08000448   Section        0  stm32f10x_gpio.o(i.GPIO_ResetBits)
    i.GPIO_SetBits                           0x0800044c   Section        0  stm32f10x_gpio.o(i.GPIO_SetBits)
    i.HardFault_Handler                      0x08000450   Section        0  stm32f10x_it.o(i.HardFault_Handler)
    i.MemManage_Handler                      0x08000454   Section        0  stm32f10x_it.o(i.MemManage_Handler)
    i.NMI_Handler                            0x08000458   Section        0  stm32f10x_it.o(i.NMI_Handler)
    i.PendSV_Handler                         0x0800045a   Section        0  stm32f10x_it.o(i.PendSV_Handler)
    i.RCC_APB2PeriphClockCmd                 0x0800045c   Section        0  stm32f10x_rcc.o(i.RCC_APB2PeriphClockCmd)
    i.SVC_Handler                            0x0800047c   Section        0  stm32f10x_it.o(i.SVC_Handler)
    i.SetSysClock                            0x0800047e   Section        0  system_stm32f10x.o(i.SetSysClock)
    SetSysClock                              0x0800047f   Thumb Code     8  system_stm32f10x.o(i.SetSysClock)
    i.SetSysClockTo72                        0x08000488   Section        0  system_stm32f10x.o(i.SetSysClockTo72)
    SetSysClockTo72                          0x08000489   Thumb Code   214  system_stm32f10x.o(i.SetSysClockTo72)
    i.SysTick_Handler                        0x08000568   Section        0  stm32f10x_it.o(i.SysTick_Handler)
    i.SystemInit                             0x08000570   Section        0  system_stm32f10x.o(i.SystemInit)
    i.UsageFault_Handler                     0x080005d0   Section        0  stm32f10x_it.o(i.UsageFault_Handler)
    i.__scatterload_copy                     0x080005d4   Section       14  handlers.o(i.__scatterload_copy)
    i.__scatterload_null                     0x080005e2   Section        2  handlers.o(i.__scatterload_null)
    i.__scatterload_zeroinit                 0x080005e4   Section       14  handlers.o(i.__scatterload_zeroinit)
    i.main                                   0x080005f2   Section        0  main.o(i.main)
    .data                                    0x20000000   Section        4  systick.o(.data)
    TimingDelay                              0x20000000   Data           4  systick.o(.data)
    STACK                                    0x20000008   Section     2048  startup_stm32f10x_hd.o(STACK)
    .ARM.__AT_0x68000000                     0x68000000   Section    204800  malloc.o(.ARM.__AT_0x68000000)
    .ARM.__AT_0x68032000                     0x68032000   Section    12800  malloc.o(.ARM.__AT_0x68032000)

    Global Symbols

    Symbol Name                              Value     Ov Type        Size  Object(Section)

    BuildAttributes$$THM_ISAv4$P$D$K$B$S$PE$A:L22UL41UL21$X:L11$S22US41US21$IEEE1$IW$USESV6$~STKCKD$USESV7$~SHL$OTIME$ROPI$IEEEX$EBA8$MICROLIB$REQ8$PRES8$EABIv2 0x00000000   Number         0  anon$$obj.o ABSOLUTE
    __ARM_use_no_argv                        0x00000000   Number         0  main.o ABSOLUTE
    _printf_a                                0x00000000   Number         0  stubs.o ABSOLUTE
    _printf_c                                0x00000000   Number         0  stubs.o ABSOLUTE
    _printf_charcount                        0x00000000   Number         0  stubs.o ABSOLUTE
    _printf_d                                0x00000000   Number         0  stubs.o ABSOLUTE
    _printf_e                                0x00000000   Number         0  stubs.o ABSOLUTE
    _printf_f                                0x00000000   Number         0  stubs.o ABSOLUTE
    _printf_flags                            0x00000000   Number         0  stubs.o ABSOLUTE
    _printf_fp_dec                           0x00000000   Number         0  stubs.o ABSOLUTE
    _printf_fp_hex                           0x00000000   Number         0  stubs.o ABSOLUTE
    _printf_g                                0x00000000   Number         0  stubs.o ABSOLUTE
    _printf_i                                0x00000000   Number         0  stubs.o ABSOLUTE
    _printf_int_dec                          0x00000000   Number         0  stubs.o ABSOLUTE
    _printf_l                                0x00000000   Number         0  stubs.o ABSOLUTE
    _printf_lc                               0x00000000   Number         0  stubs.o ABSOLUTE
    _printf_ll                               0x00000000   Number         0  stubs.o ABSOLUTE
    _printf_lld                              0x00000000   Number         0  stubs.o ABSOLUTE
    _printf_lli                              0x00000000   Number         0  stubs.o ABSOLUTE
    _printf_llo                              0x00000000   Number         0  stubs.o ABSOLUTE
    _printf_llu                              0x00000000   Number         0  stubs.o ABSOLUTE
    _printf_llx                              0x00000000   Number         0  stubs.o ABSOLUTE
    _printf_longlong_dec                     0x00000000   Number         0  stubs.o ABSOLUTE
    _printf_longlong_hex                     0x00000000   Number         0  stubs.o ABSOLUTE
    _printf_longlong_oct                     0x00000000   Number         0  stubs.o ABSOLUTE
    _printf_ls                               0x00000000   Number         0  stubs.o ABSOLUTE
    _printf_mbtowc                           0x00000000   Number         0  stubs.o ABSOLUTE
    _printf_n                                0x00000000   Number         0  stubs.o ABSOLUTE
    _printf_o                                0x00000000   Number         0  stubs.o ABSOLUTE
    _printf_p                                0x00000000   Number         0  stubs.o ABSOLUTE
    _printf_percent                          0x00000000   Number         0  stubs.o ABSOLUTE
    _printf_pre_padding                      0x00000000   Number         0  stubs.o ABSOLUTE
    _printf_return_value                     0x00000000   Number         0  stubs.o ABSOLUTE
    _printf_s                                0x00000000   Number         0  stubs.o ABSOLUTE
    _printf_sizespec                         0x00000000   Number         0  stubs.o ABSOLUTE
    _printf_str                              0x00000000   Number         0  stubs.o ABSOLUTE
    _printf_truncate_signed                  0x00000000   Number         0  stubs.o ABSOLUTE
    _printf_truncate_unsigned                0x00000000   Number         0  stubs.o ABSOLUTE
    _printf_u                                0x00000000   Number         0  stubs.o ABSOLUTE
    _printf_wc                               0x00000000   Number         0  stubs.o ABSOLUTE
    _printf_wctomb                           0x00000000   Number         0  stubs.o ABSOLUTE
    _printf_widthprec                        0x00000000   Number         0  stubs.o ABSOLUTE
    _printf_x                                0x00000000   Number         0  stubs.o ABSOLUTE
    __cpp_initialize__aeabi_                  - Undefined Weak Reference
    __cxa_finalize                            - Undefined Weak Reference
    __decompress                              - Undefined Weak Reference
    _clock_init                               - Undefined Weak Reference
    _microlib_exit                            - Undefined Weak Reference
    __Vectors_Size                           0x00000130   Number         0  startup_stm32f10x_hd.o ABSOLUTE
    __Vectors                                0x08000000   Data           4  startup_stm32f10x_hd.o(RESET)
    __Vectors_End                            0x08000130   Data           0  startup_stm32f10x_hd.o(RESET)
    __main                                   0x08000131   Thumb Code     0  entry.o(.ARM.Collect$$$$00000000)
    _main_stk                                0x08000131   Thumb Code     0  entry2.o(.ARM.Collect$$$$00000001)
    _main_scatterload                        0x08000135   Thumb Code     0  entry5.o(.ARM.Collect$$$$00000004)
    __main_after_scatterload                 0x08000139   Thumb Code     0  entry5.o(.ARM.Collect$$$$00000004)
    _main_clock                              0x08000139   Thumb Code     0  entry7b.o(.ARM.Collect$$$$00000008)
    _main_cpp_init                           0x08000139   Thumb Code     0  entry8b.o(.ARM.Collect$$$$0000000A)
    _main_init                               0x08000139   Thumb Code     0  entry9a.o(.ARM.Collect$$$$0000000B)
    __rt_final_cpp                           0x08000141   Thumb Code     0  entry10a.o(.ARM.Collect$$$$0000000D)
    __rt_final_exit                          0x08000141   Thumb Code     0  entry11a.o(.ARM.Collect$$$$0000000F)
    Reset_Handler                            0x08000145   Thumb Code     8  startup_stm32f10x_hd.o(.text)
    ADC1_2_IRQHandler                        0x0800015f   Thumb Code     0  startup_stm32f10x_hd.o(.text)
    ADC3_IRQHandler                          0x0800015f   Thumb Code     0  startup_stm32f10x_hd.o(.text)
    CAN1_RX1_IRQHandler                      0x0800015f   Thumb Code     0  startup_stm32f10x_hd.o(.text)
    CAN1_SCE_IRQHandler                      0x0800015f   Thumb Code     0  startup_stm32f10x_hd.o(.text)
    DMA1_Channel1_IRQHandler                 0x0800015f   Thumb Code     0  startup_stm32f10x_hd.o(.text)
    DMA1_Channel2_IRQHandler                 0x0800015f   Thumb Code     0  startup_stm32f10x_hd.o(.text)
    DMA1_Channel3_IRQHandler                 0x0800015f   Thumb Code     0  startup_stm32f10x_hd.o(.text)
    DMA1_Channel4_IRQHandler                 0x0800015f   Thumb Code     0  startup_stm32f10x_hd.o(.text)
    DMA1_Channel5_IRQHandler                 0x0800015f   Thumb Code     0  startup_stm32f10x_hd.o(.text)
    DMA1_Channel6_IRQHandler                 0x0800015f   Thumb Code     0  startup_stm32f10x_hd.o(.text)
    DMA1_Channel7_IRQHandler                 0x0800015f   Thumb Code     0  startup_stm32f10x_hd.o(.text)
    DMA2_Channel1_IRQHandler                 0x0800015f   Thumb Code     0  startup_stm32f10x_hd.o(.text)
    DMA2_Channel2_IRQHandler                 0x0800015f   Thumb Code     0  startup_stm32f10x_hd.o(.text)
    DMA2_Channel3_IRQHandler                 0x0800015f   Thumb Code     0  startup_stm32f10x_hd.o(.text)
    DMA2_Channel4_5_IRQHandler               0x0800015f   Thumb Code     0  startup_stm32f10x_hd.o(.text)
    EXTI0_IRQHandler                         0x0800015f   Thumb Code     0  startup_stm32f10x_hd.o(.text)
    EXTI15_10_IRQHandler                     0x0800015f   Thumb Code     0  startup_stm32f10x_hd.o(.text)
    EXTI1_IRQHandler                         0x0800015f   Thumb Code     0  startup_stm32f10x_hd.o(.text)
    EXTI2_IRQHandler                         0x0800015f   Thumb Code     0  startup_stm32f10x_hd.o(.text)
    EXTI3_IRQHandler                         0x0800015f   Thumb Code     0  startup_stm32f10x_hd.o(.text)
    EXTI4_IRQHandler                         0x0800015f   Thumb Code     0  startup_stm32f10x_hd.o(.text)
    EXTI9_5_IRQHandler                       0x0800015f   Thumb Code     0  startup_stm32f10x_hd.o(.text)
    FLASH_IRQHandler                         0x0800015f   Thumb Code     0  startup_stm32f10x_hd.o(.text)
    FSMC_IRQHandler                          0x0800015f   Thumb Code     0  startup_stm32f10x_hd.o(.text)
    I2C1_ER_IRQHandler                       0x0800015f   Thumb Code     0  startup_stm32f10x_hd.o(.text)
    I2C1_EV_IRQHandler                       0x0800015f   Thumb Code     0  startup_stm32f10x_hd.o(.text)
    I2C2_ER_IRQHandler                       0x0800015f   Thumb Code     0  startup_stm32f10x_hd.o(.text)
    I2C2_EV_IRQHandler                       0x0800015f   Thumb Code     0  startup_stm32f10x_hd.o(.text)
    PVD_IRQHandler                           0x0800015f   Thumb Code     0  startup_stm32f10x_hd.o(.text)
    RCC_IRQHandler                           0x0800015f   Thumb Code     0  startup_stm32f10x_hd.o(.text)
    RTCAlarm_IRQHandler                      0x0800015f   Thumb Code     0  startup_stm32f10x_hd.o(.text)
    RTC_IRQHandler                           0x0800015f   Thumb Code     0  startup_stm32f10x_hd.o(.text)
    SDIO_IRQHandler                          0x0800015f   Thumb Code     0  startup_stm32f10x_hd.o(.text)
    SPI1_IRQHandler                          0x0800015f   Thumb Code     0  startup_stm32f10x_hd.o(.text)
    SPI2_IRQHandler                          0x0800015f   Thumb Code     0  startup_stm32f10x_hd.o(.text)
    SPI3_IRQHandler                          0x0800015f   Thumb Code     0  startup_stm32f10x_hd.o(.text)
    TAMPER_IRQHandler                        0x0800015f   Thumb Code     0  startup_stm32f10x_hd.o(.text)
    TIM1_BRK_IRQHandler                      0x0800015f   Thumb Code     0  startup_stm32f10x_hd.o(.text)
    TIM1_CC_IRQHandler                       0x0800015f   Thumb Code     0  startup_stm32f10x_hd.o(.text)
    TIM1_TRG_COM_IRQHandler                  0x0800015f   Thumb Code     0  startup_stm32f10x_hd.o(.text)
    TIM1_UP_IRQHandler                       0x0800015f   Thumb Code     0  startup_stm32f10x_hd.o(.text)
    TIM2_IRQHandler                          0x0800015f   Thumb Code     0  startup_stm32f10x_hd.o(.text)
    TIM3_IRQHandler                          0x0800015f   Thumb Code     0  startup_stm32f10x_hd.o(.text)
    TIM4_IRQHandler                          0x0800015f   Thumb Code     0  startup_stm32f10x_hd.o(.text)
    TIM5_IRQHandler                          0x0800015f   Thumb Code     0  startup_stm32f10x_hd.o(.text)
    TIM6_IRQHandler                          0x0800015f   Thumb Code     0  startup_stm32f10x_hd.o(.text)
    TIM7_IRQHandler                          0x0800015f   Thumb Code     0  startup_stm32f10x_hd.o(.text)
    TIM8_BRK_IRQHandler                      0x0800015f   Thumb Code     0  startup_stm32f10x_hd.o(.text)
    TIM8_CC_IRQHandler                       0x0800015f   Thumb Code     0  startup_stm32f10x_hd.o(.text)
    TIM8_TRG_COM_IRQHandler                  0x0800015f   Thumb Code     0  startup_stm32f10x_hd.o(.text)
    TIM8_UP_IRQHandler                       0x0800015f   Thumb Code     0  startup_stm32f10x_hd.o(.text)
    UART4_IRQHandler                         0x0800015f   Thumb Code     0  startup_stm32f10x_hd.o(.text)
    UART5_IRQHandler                         0x0800015f   Thumb Code     0  startup_stm32f10x_hd.o(.text)
    USART1_IRQHandler                        0x0800015f   Thumb Code     0  startup_stm32f10x_hd.o(.text)
    USART2_IRQHandler                        0x0800015f   Thumb Code     0  startup_stm32f10x_hd.o(.text)
    USART3_IRQHandler                        0x0800015f   Thumb Code     0  startup_stm32f10x_hd.o(.text)
    USBWakeUp_IRQHandler                     0x0800015f   Thumb Code     0  startup_stm32f10x_hd.o(.text)
    USB_HP_CAN1_TX_IRQHandler                0x0800015f   Thumb Code     0  startup_stm32f10x_hd.o(.text)
    USB_LP_CAN1_RX0_IRQHandler               0x0800015f   Thumb Code     0  startup_stm32f10x_hd.o(.text)
    WWDG_IRQHandler                          0x0800015f   Thumb Code     0  startup_stm32f10x_hd.o(.text)
    __scatterload                            0x08000169   Thumb Code    28  init.o(.text)
    __scatterload_rt2                        0x08000169   Thumb Code     0  init.o(.text)
    AD5667_IIC_START                         0x0800018d   Thumb Code    62  ad5667.o(i.AD5667_IIC_START)
    AD5667_IIC_STOP                          0x080001d1   Thumb Code    56  ad5667.o(i.AD5667_IIC_STOP)
    AD5667_Init                              0x0800020d   Thumb Code    40  ad5667.o(i.AD5667_Init)
    AD5667_WRITE_BYTE                        0x08000239   Thumb Code   120  ad5667.o(i.AD5667_WRITE_BYTE)
    AD5667_WRITE_REG                         0x080002b5   Thumb Code    40  ad5667.o(i.AD5667_WRITE_REG)
    BusFault_Handler                         0x080002dd   Thumb Code     4  stm32f10x_it.o(i.BusFault_Handler)
    DebugMon_Handler                         0x080002e1   Thumb Code     2  stm32f10x_it.o(i.DebugMon_Handler)
    Delay_Handler                            0x080002e5   Thumb Code    18  systick.o(i.Delay_Handler)
    Delay_Us                                 0x080002fd   Thumb Code    54  systick.o(i.Delay_Us)
    GPIO_Init                                0x08000333   Thumb Code   278  stm32f10x_gpio.o(i.GPIO_Init)
    GPIO_ResetBits                           0x08000449   Thumb Code     4  stm32f10x_gpio.o(i.GPIO_ResetBits)
    GPIO_SetBits                             0x0800044d   Thumb Code     4  stm32f10x_gpio.o(i.GPIO_SetBits)
    HardFault_Handler                        0x08000451   Thumb Code     4  stm32f10x_it.o(i.HardFault_Handler)
    MemManage_Handler                        0x08000455   Thumb Code     4  stm32f10x_it.o(i.MemManage_Handler)
    NMI_Handler                              0x08000459   Thumb Code     2  stm32f10x_it.o(i.NMI_Handler)
    PendSV_Handler                           0x0800045b   Thumb Code     2  stm32f10x_it.o(i.PendSV_Handler)
    RCC_APB2PeriphClockCmd                   0x0800045d   Thumb Code    26  stm32f10x_rcc.o(i.RCC_APB2PeriphClockCmd)
    SVC_Handler                              0x0800047d   Thumb Code     2  stm32f10x_it.o(i.SVC_Handler)
    SysTick_Handler                          0x08000569   Thumb Code     8  stm32f10x_it.o(i.SysTick_Handler)
    SystemInit                               0x08000571   Thumb Code    78  system_stm32f10x.o(i.SystemInit)
    UsageFault_Handler                       0x080005d1   Thumb Code     4  stm32f10x_it.o(i.UsageFault_Handler)
    __scatterload_copy                       0x080005d5   Thumb Code    14  handlers.o(i.__scatterload_copy)
    __scatterload_null                       0x080005e3   Thumb Code     2  handlers.o(i.__scatterload_null)
    __scatterload_zeroinit                   0x080005e5   Thumb Code    14  handlers.o(i.__scatterload_zeroinit)
    main                                     0x080005f3   Thumb Code    20  main.o(i.main)
    Region$$Table$$Base                      0x08000608   Number         0  anon$$obj.o(Region$$Table)
    Region$$Table$$Limit                     0x08000628   Number         0  anon$$obj.o(Region$$Table)
    __initial_sp                             0x20000808   Data           0  startup_stm32f10x_hd.o(STACK)
    MemoryBase                               0x68000000   Data       204800  malloc.o(.ARM.__AT_0x68000000)
    MemoryManagementMap                      0x68032000   Data       12800  malloc.o(.ARM.__AT_0x68032000)



==============================================================================

Memory Map of the image

  Image Entry point : 0x08000131

  Load Region LR_IROM1 (Base: 0x08000000, Size: 0x0000062c, Max: 0x00080000, ABSOLUTE)

    Execution Region ER_IROM1 (Exec base: 0x08000000, Load base: 0x08000000, Size: 0x00000628, Max: 0x00080000, ABSOLUTE)

    Exec Addr    Load Addr    Size         Type   Attr      Idx    E Section Name        Object

    0x08000000   0x08000000   0x00000130   Data   RO            3    RESET               startup_stm32f10x_hd.o
    0x08000130   0x08000130   0x00000000   Code   RO         7340  * .ARM.Collect$$$$00000000  mc_w.l(entry.o)
    0x08000130   0x08000130   0x00000004   Code   RO         7687    .ARM.Collect$$$$00000001  mc_w.l(entry2.o)
    0x08000134   0x08000134   0x00000004   Code   RO         7690    .ARM.Collect$$$$00000004  mc_w.l(entry5.o)
    0x08000138   0x08000138   0x00000000   Code   RO         7692    .ARM.Collect$$$$00000008  mc_w.l(entry7b.o)
    0x08000138   0x08000138   0x00000000   Code   RO         7694    .ARM.Collect$$$$0000000A  mc_w.l(entry8b.o)
    0x08000138   0x08000138   0x00000008   Code   RO         7695    .ARM.Collect$$$$0000000B  mc_w.l(entry9a.o)
    0x08000140   0x08000140   0x00000000   Code   RO         7697    .ARM.Collect$$$$0000000D  mc_w.l(entry10a.o)
    0x08000140   0x08000140   0x00000000   Code   RO         7699    .ARM.Collect$$$$0000000F  mc_w.l(entry11a.o)
    0x08000140   0x08000140   0x00000004   Code   RO         7688    .ARM.Collect$$$$00002712  mc_w.l(entry2.o)
    0x08000144   0x08000144   0x00000024   Code   RO            4    .text               startup_stm32f10x_hd.o
    0x08000168   0x08000168   0x00000024   Code   RO         7730    .text               mc_w.l(init.o)
    0x0800018c   0x0800018c   0x00000044   Code   RO         7286    i.AD5667_IIC_START  ad5667.o
    0x080001d0   0x080001d0   0x0000003c   Code   RO         7287    i.AD5667_IIC_STOP   ad5667.o
    0x0800020c   0x0800020c   0x0000002c   Code   RO         7288    i.AD5667_Init       ad5667.o
    0x08000238   0x08000238   0x0000007c   Code   RO         7289    i.AD5667_WRITE_BYTE  ad5667.o
    0x080002b4   0x080002b4   0x00000028   Code   RO         7290    i.AD5667_WRITE_REG  ad5667.o
    0x080002dc   0x080002dc   0x00000004   Code   RO         3141    i.BusFault_Handler  stm32f10x_it.o
    0x080002e0   0x080002e0   0x00000002   Code   RO         3142    i.DebugMon_Handler  stm32f10x_it.o
    0x080002e2   0x080002e2   0x00000002   PAD
    0x080002e4   0x080002e4   0x00000018   Code   RO         3236    i.Delay_Handler     systick.o
    0x080002fc   0x080002fc   0x00000036   Code   RO         3238    i.Delay_Us          systick.o
    0x08000332   0x08000332   0x00000116   Code   RO         1292    i.GPIO_Init         stm32f10x_gpio.o
    0x08000448   0x08000448   0x00000004   Code   RO         1299    i.GPIO_ResetBits    stm32f10x_gpio.o
    0x0800044c   0x0800044c   0x00000004   Code   RO         1300    i.GPIO_SetBits      stm32f10x_gpio.o
    0x08000450   0x08000450   0x00000004   Code   RO         3143    i.HardFault_Handler  stm32f10x_it.o
    0x08000454   0x08000454   0x00000004   Code   RO         3144    i.MemManage_Handler  stm32f10x_it.o
    0x08000458   0x08000458   0x00000002   Code   RO         3145    i.NMI_Handler       stm32f10x_it.o
    0x0800045a   0x0800045a   0x00000002   Code   RO         3146    i.PendSV_Handler    stm32f10x_it.o
    0x0800045c   0x0800045c   0x00000020   Code   RO         1710    i.RCC_APB2PeriphClockCmd  stm32f10x_rcc.o
    0x0800047c   0x0800047c   0x00000002   Code   RO         3147    i.SVC_Handler       stm32f10x_it.o
    0x0800047e   0x0800047e   0x00000008   Code   RO           24    i.SetSysClock       system_stm32f10x.o
    0x08000486   0x08000486   0x00000002   PAD
    0x08000488   0x08000488   0x000000e0   Code   RO           25    i.SetSysClockTo72   system_stm32f10x.o
    0x08000568   0x08000568   0x00000008   Code   RO         3148    i.SysTick_Handler   stm32f10x_it.o
    0x08000570   0x08000570   0x00000060   Code   RO           27    i.SystemInit        system_stm32f10x.o
    0x080005d0   0x080005d0   0x00000004   Code   RO         3149    i.UsageFault_Handler  stm32f10x_it.o
    0x080005d4   0x080005d4   0x0000000e   Code   RO         7738    i.__scatterload_copy  mc_w.l(handlers.o)
    0x080005e2   0x080005e2   0x00000002   Code   RO         7739    i.__scatterload_null  mc_w.l(handlers.o)
    0x080005e4   0x080005e4   0x0000000e   Code   RO         7740    i.__scatterload_zeroinit  mc_w.l(handlers.o)
    0x080005f2   0x080005f2   0x00000014   Code   RO         3108    i.main              main.o
    0x08000606   0x08000606   0x00000002   PAD
    0x08000608   0x08000608   0x00000020   Data   RO         7736    Region$$Table       anon$$obj.o


    Execution Region RW_IRAM1 (Exec base: 0x20000000, Load base: 0x08000628, Size: 0x00000808, Max: 0x00010000, ABSOLUTE)

    Exec Addr    Load Addr    Size         Type   Attr      Idx    E Section Name        Object

    0x20000000   0x08000628   0x00000004   Data   RW         3244    .data               systick.o
    0x20000004   0x0800062c   0x00000004   PAD
    0x20000008        -       0x00000800   Zero   RW            1    STACK               startup_stm32f10x_hd.o



  Load Region LR$$.ARM.__AT_0x68000000 (Base: 0x68000000, Size: 0x00000000, Max: 0x00032000, ABSOLUTE)

    Execution Region ER$$.ARM.__AT_0x68000000 (Exec base: 0x68000000, Load base: 0x68000000, Size: 0x00032000, Max: 0x00032000, ABSOLUTE, UNINIT)

    Exec Addr    Load Addr    Size         Type   Attr      Idx    E Section Name        Object

    0x68000000        -       0x00032000   Zero   RW         5615    .ARM.__AT_0x68000000  malloc.o



  Load Region LR$$.ARM.__AT_0x68032000 (Base: 0x68032000, Size: 0x00000000, Max: 0x00003200, ABSOLUTE)

    Execution Region ER$$.ARM.__AT_0x68032000 (Exec base: 0x68032000, Load base: 0x68032000, Size: 0x00003200, Max: 0x00003200, ABSOLUTE, UNINIT)

    Exec Addr    Load Addr    Size         Type   Attr      Idx    E Section Name        Object

    0x68032000        -       0x00003200   Zero   RW         5616    .ARM.__AT_0x68032000  malloc.o


==============================================================================

Image component sizes


      Code (inc. data)   RO Data    RW Data    ZI Data      Debug   Object Name

       336         18          0          0          0       2546   ad5667.o
         0          0          0          0          0       4508   core_cm3.o
        20          0          0          0          0        447   main.o
         0          0          0          0     217600       1060   malloc.o
        36          8        304          0       2048        844   startup_stm32f10x_hd.o
       286          0          0          0          0       3120   stm32f10x_gpio.o
        32          0          0          0          0       3666   stm32f10x_it.o
        32          6          0          0          0        585   stm32f10x_rcc.o
       328         28          0          0          0     213357   system_stm32f10x.o
        78          6          0          4          0       1479   systick.o

    ----------------------------------------------------------------------
      1154         66        336          4     219652     231612   Object Totals
         0          0         32          0          0          0   (incl. Generated)
         6          0          0          0          4          0   (incl. Padding)

    ----------------------------------------------------------------------

      Code (inc. data)   RO Data    RW Data    ZI Data      Debug   Library Member Name

         0          0          0          0          0          0   entry.o
         0          0          0          0          0          0   entry10a.o
         0          0          0          0          0          0   entry11a.o
         8          4          0          0          0          0   entry2.o
         4          0          0          0          0          0   entry5.o
         0          0          0          0          0          0   entry7b.o
         0          0          0          0          0          0   entry8b.o
         8          4          0          0          0          0   entry9a.o
        30          0          0          0          0          0   handlers.o
        36          8          0          0          0         68   init.o

    ----------------------------------------------------------------------
        86         16          0          0          0         68   Library Totals
         0          0          0          0          0          0   (incl. Padding)

    ----------------------------------------------------------------------

      Code (inc. data)   RO Data    RW Data    ZI Data      Debug   Library Name

        86         16          0          0          0         68   mc_w.l

    ----------------------------------------------------------------------
        86         16          0          0          0         68   Library Totals

    ----------------------------------------------------------------------

==============================================================================


      Code (inc. data)   RO Data    RW Data    ZI Data      Debug   

      1240         82        336          4     219652     230740   Grand Totals
      1240         82        336          4     219652     230740   ELF Image Totals
      1240         82        336          4          0          0   ROM Totals

==============================================================================

    Total RO  Size (Code + RO Data)                 1576 (   1.54kB)
    Total RW  Size (RW Data + ZI Data)            219656 ( 214.51kB)
    Total ROM Size (Code + RO Data + RW Data)       1580 (   1.54kB)

==============================================================================

